03-23 15:07:20.824  1362  1702 E UsbDeviceManager: notifyCurrentFunction request:50 status:0
03-23 15:07:20.826  1362  1804 D LockSettingsService: getCredentialTypeInternal rawType: 3
03-23 15:07:20.832  1362  1804 I chatty  : uid=1000(system) Binder:1362_5 identical 1 line
03-23 15:07:20.837  1362  1804 D LockSettingsService: getCredentialTypeInternal rawType: 3
03-23 15:07:20.841  1362  3180 D LockSettingsService: getCredentialTypeInternal rawType: 3
03-23 15:07:20.863  1362  3180 I WindowManager: Relayout Window{14eccbf u0 NotificationShade}: oldVis=4 newVis=0 focusMayChange = true
03-23 15:07:20.869  1362  3180 W WindowManager: Changing focus fromnull to Window{14eccbf u0 NotificationShade} displayId=0 Callers=com.android.server.wm.RootWindowContainer.updateFocusedWindowLocked:531 com.android.server.wm.WindowManagerService.updateFocusedWindowLocked:5921 com.android.server.wm.WindowManagerService.relayoutWindow:2603 com.android.server.wm.Session.relayout:213 
03-23 15:07:20.875  1362  3180 D DisplayPowerController: sendUpdatePowerState:UpdatePowerStateForLucid 
03-23 15:07:20.948  1362  1804 D LockSettingsService: getCredentialTypeInternal rawType: 3
03-23 15:07:20.952  1362  1804 D LockSettingsService: getCredentialTypeInternal rawType: 3
03-23 15:07:21.019  1362  3180 D LockSettingsService: getCredentialTypeInternal rawType: 3
03-23 15:07:21.064  1768  1862 D OsPrivacyNotifyManager: onActiveStateChanged ENABLE true code != OP_RECORD_AUDIO true
03-23 15:07:22.095  1362  1804 W ActivityManager: Background start not allowed: service Intent { cmp=com.google.android.apps.messaging/.shared.datamodel.action.execution.ActionExecutorImpl$EmptyService (has extras) } to com.google.android.apps.messaging/.shared.datamodel.action.execution.ActionExecutorImpl$EmptyService from pid=15606 uid=10144 pkg=com.google.android.apps.messaging startFg?=false
03-23 15:07:23.239  1362  1389 D DexOptExtImpl: dex2oat com.tasawallet delayed 97443ms for interval. 
03-23 15:07:25.211  1362  1763 D Griffin/ResourceTracker: Cat meminfo coast time: 12ms
03-23 15:07:26.038 19895 19895 W ContextImpl: Calling a method in the system process without a qualified user: android.app.ContextImpl.stopService:1787 android.content.ContextWrapper.stopService:745 com.transsion.keyguardgesture.KeyguardGestureManager$6.handleMessage:556 android.os.Handler.dispatchMessage:106 android.os.Looper.loop:268 
03-23 15:07:26.091  1362  3190 V ActivityManager: Death received in com.android.server.am.ActivityManagerService$AppDeathRecipient@fc20e56 for thread android.os.BinderProxy@2827ed7
03-23 15:07:26.091  1362  3190 I ActivityManager: Process com.transsion.keyguardgesture (pid 19895) has died: fg  SVC 
03-23 15:07:26.092  1362  3190 D os.ActivityManagerServiceLice: make process inactive com.transsion.keyguardgesture(19895)
03-23 15:07:30.589  1362  1390 W ActivityManager: Invalid packageName: com.touchtao.ws2014google
03-23 15:07:30.590  1362  1390 W ActivityManager: Invalid packageName: com.tencent.tmgp.pvz2hdtxyyb
03-23 15:07:44.693  1362  1763 D ResMonitor2Proxy: cached mem gap 52549Kb
03-23 15:07:44.694  1362  1763 D Griffin/AdjClean: item=7
03-23 15:07:44.694  1362  1407 D Griffin/CleanManager: dispatch clean index=9
03-23 15:07:44.694  1362  1407 D Griffin/AdjClean: clean code: cached(7) begin:
03-23 15:07:44.704  1362  1407 E IntervalStats: Unable to parse usage stats package 5017
03-23 15:07:44.705  1362  1407 E IntervalStats: Unable to parse usage stats package 5020
03-23 15:07:44.705  1362  1407 E IntervalStats: Unable to parse usage stats package 5022
03-23 15:07:44.705  1362  1407 E IntervalStats: Unable to parse usage stats package 5056
03-23 15:07:44.705  1362  1407 E IntervalStats: Unable to parse usage stats package 5058
03-23 15:07:44.706  1362  1407 E IntervalStats: Unable to parse usage stats package 5059
03-23 15:07:44.706  1362  1407 E IntervalStats: Unable to parse usage stats package 5062
03-23 15:07:44.717  1362  1407 D Griffin/AdjClean: clean code:cached(7) finish: coast 23ms
03-23 15:07:54.108  1362  1362 V FingerprintService: Acquired: 6 2
03-23 15:07:54.110  1768  1768 W FingerprintManager: sendAcquiredResult acquireInfo = 6vendorCode = 2
03-23 15:07:54.110  1362  1713 I TranFingerprintServiceExtImpl:  call onAcquireHook with mAllow=true   isPressUnlock=false
03-23 15:07:54.110  1768  1768 W FingerprintManager: Invalid acquired message: 6, 2
03-23 15:07:54.110  1362  1420 I DisplayPowerState:    mPreWakeupRunnable handle
03-23 15:07:54.112  1362  1383 I DisplayManagerService: Display device changed state: "cran intgr", ON
03-23 15:07:54.175  1362  1362 I MWN     : onSignalStrengthsChanged...
03-23 15:07:54.177  1362  1362 I MWN     : network type = 0
03-23 15:07:54.179  1362  1362 I MWN     : mobile type = 13
03-23 15:07:54.179  1362  1362 I MWN     : Write 0 to node. type=4G mSimExist=true mFlightMode=false
03-23 15:07:54.180  1362  1362 I MWN     : write the value:0 to node successfully.
03-23 15:07:54.294  1362  1702 D TranFingerprintServiceExtImpl: mDaemonCallback onAuthenticated isPowerDown:false ,mIsInteractive:false ,isScreenOn:false ,hasPowerDown:false ,fingerId:0
03-23 15:07:54.294  1362  1362 V FingerprintService: Acquired: 0 0
03-23 15:07:54.295  1768  1768 W FingerprintManager: sendAcquiredResult acquireInfo = 0vendorCode = 0
03-23 15:07:54.295  1362  1362 V BiometricStats: Authentication latency: -1
03-23 15:07:54.295  1362  1362 W BiometricStats: found a negative latency : -1
03-23 15:07:54.296  1362  1713 I TranFingerprintServiceExtImpl:   call onAuthenticatedHook with mOnAcquireHandled=true   mAllow=true  authenticated=false isBiometricAllowedForUser=true  mCurrentUserId=0
03-23 15:07:54.296  1362  1713 D FingerprintTrancareUtil: onAuthenticatedUpdate screenOff:true, success:false, mVerifyTime = 21
03-23 15:07:54.296  1362  1362 V FingerprintService: onAuthenticated(false), ID:0, Owner: com.android.systemui, isBP: false, listener: com.android.server.biometrics.fingerprint.FingerprintService$ServiceListenerImpl@d3a2ce1, requireConfirmation: false, user: 0
03-23 15:07:54.298  1362  1362 D VibratorService: enable vibrator opPkg = android
03-23 15:07:54.306  1362  3191 D LockSettingsService: getCredentialTypeInternal rawType: 3
03-23 15:07:54.310  1362  1362 V FingerprintService: Acquired: 6 3
03-23 15:07:54.311  1768  1768 W FingerprintManager: sendAcquiredResult acquireInfo = 6vendorCode = 3
03-23 15:07:54.311  1768  1768 W FingerprintManager: Invalid acquired message: 6, 3
03-23 15:07:54.562  1362  1362 V FingerprintService: Acquired: 6 2
03-23 15:07:54.563  1362  1713 I TranFingerprintServiceExtImpl:  call onAcquireHook with mAllow=true   isPressUnlock=false
03-23 15:07:54.563  1362  1420 I DisplayPowerState:    mPreWakeupRunnable handle
03-23 15:07:54.563  1768  1768 W FingerprintManager: sendAcquiredResult acquireInfo = 6vendorCode = 2
03-23 15:07:54.564  1768  1768 W FingerprintManager: Invalid acquired message: 6, 2
03-23 15:07:54.669  1362  1362 V FingerprintService: Acquired: 2 0
03-23 15:07:54.670  1768  1768 W FingerprintManager: sendAcquiredResult acquireInfo = 2vendorCode = 0
03-23 15:07:54.898  1362  1362 V FingerprintService: Acquired: 6 3
03-23 15:07:54.899  1768  1768 W FingerprintManager: sendAcquiredResult acquireInfo = 6vendorCode = 3
03-23 15:07:54.899  1768  1768 W FingerprintManager: Invalid acquired message: 6, 3
03-23 15:07:55.765  1362  1420 I DisplayPowerState:    mPreWakeupFinishRunnable handle
03-23 15:07:55.766  1362  1383 I DisplayManagerService: Display device changed state: "cran intgr", OFF
03-23 15:07:56.917  1362  1422 I UsbPortManager: ClientCallback V1_1: dual-role-usb20
03-23 15:07:56.918  1362  1380 I UsbPortManager: USB port changed: port=UsbPort{id=dual-role-usb20, supportedModes=dualsupportedContaminantProtectionModes=0supportsEnableContaminantPresenceProtection=falsesupportsEnableContaminantPresenceDetection=false, status=UsbPortStatus{connected=true, currentMode=ufp, currentPowerRole=sink, currentDataRole=device, supportedRoleCombinations=[sink:device], contaminantDetectionStatus=0, contaminantProtectionStatus=0}, canChangeMode=false, canChangePowerRole=false, canChangeDataRole=false, connectedAtMillis=31683241, lastConnectDurationMillis=0
03-23 15:07:56.922  1362  1362 D Griffin/ComponentManager: Limit receiveBroadcast:android.intent.action.ACTION_POWER_CONNECTED for com.estrongs.android.pop/.app.StartServiceReceiver from sys, 3rd-nomral
03-23 15:07:56.922  1362  1362 D Griffin/ComponentManager: Limit receiveBroadcast:android.intent.action.ACTION_POWER_CONNECTED for com.estrongs.android.pop/.app.ReportAliveReceiver from sys, 3rd-nomral
03-23 15:07:56.923  1362  1382 I EntropyMixer: Writing entropy...
03-23 15:07:56.937  1362  1393 W BroadcastQueue: Background execution not allowed: receiving Intent { act=android.intent.action.ACTION_POWER_CONNECTED flg=0x4000010 (has extras) } to com.google.android.gms/.chimera.GmsIntentOperationService$PersistentTrustedReceiver
03-23 15:07:56.938  1362  1393 W BroadcastQueue: Background execution not allowed: receiving Intent { act=android.intent.action.ACTION_POWER_CONNECTED flg=0x4000010 (has extras) } to com.google.android.gms/.gcm.nts.SchedulerReceiver
03-23 15:07:56.955  1362  1420 D PowerManagerService: boost when screen on
03-23 15:07:56.955  1362  1420 I PowerManagerService: Waking up from Asleep (uid=1000, reason=WAKE_REASON_PLUGGED_IN, details=android.server.power:PLUGGED:true)...
03-23 15:07:56.957  1362  1393 W BroadcastQueue: Background execution not allowed: receiving Intent { act=android.intent.action.ACTION_POWER_CONNECTED flg=0x4000010 (has extras) } to com.google.android.projection.gearhead/com.google.android.apps.auto.components.connectivity.impl.ConnectivityEventHandlerImpl$ConnectivityEventBroadcastReceiver
03-23 15:07:56.957  1362  1393 W BroadcastQueue: Background execution not allowed: receiving Intent { act=android.intent.action.ACTION_POWER_CONNECTED flg=0x4000010 (has extras) } to com.transsion.phoenix/com.cloudview.daemon.way.broadcast.DaemonBroadCastReceiver
03-23 15:07:56.965  1362  1393 I ActivityManager: Killing 17819:com.google.android.tts/u0a123 (adj 985): empty #17
03-23 15:07:56.965  1362  1393 I ActivityManager: Killing 17934:com.google.android.webview:sandboxed_process0:org.chromium.content.app.SandboxedProcessService0:0/u0a173i30 (adj 985): empty #18
03-23 15:07:56.974  1362  1420 I DisplayPowerController: Blocking screen on until initial contents have been drawn.
03-23 15:07:56.974  1362  1420 I WindowManager:    screenTurningOn with mPreWakeupInProgress=false   mKeyguardVisible=true
03-23 15:07:56.975  1362  1420 D DisplayPowerController: animateScreenBrightness: target=1.0, rate=0.0    mShouldUpdateBrightnessSettingLater=false
03-23 15:07:56.991  1362  3781 D MtkConnectivityService: Returning BLOCKED NetworkInfo to uid=10132
03-23 15:07:56.996  1362  1420 V DisplayPowerController: Brightness [1.0] reason changing to: 'manual', previous reason: 'screen_off'.
03-23 15:07:56.997  1362  1383 I DisplayManagerService: Display device changed state: "cran intgr", ON
03-23 15:07:57.002  1362  1383 W DisplayManagerService: Failed to notify process 17819 that displays changed, assuming it died.
03-23 15:07:57.002  1362  1383 W DisplayManagerService: android.os.DeadObjectException
03-23 15:07:57.002  1362  1383 W DisplayManagerService: 	at android.os.BinderProxy.transactNative(Native Method)
03-23 15:07:57.002  1362  1383 W DisplayManagerService: 	at android.os.BinderProxy.transact(BinderProxy.java:559)
03-23 15:07:57.002  1362  1383 W DisplayManagerService: 	at android.hardware.display.IDisplayManagerCallback$Stub$Proxy.onDisplayEvent(IDisplayManagerCallback.java:115)
03-23 15:07:57.002  1362  1383 W DisplayManagerService: 	at com.android.server.display.DisplayManagerService$CallbackRecord.notifyDisplayEventAsync(DisplayManagerService.java:2055)
03-23 15:07:57.002  1362  1383 W DisplayManagerService: 	at com.android.server.display.DisplayManagerService.deliverDisplayEvent(DisplayManagerService.java:1814)
03-23 15:07:57.002  1362  1383 W DisplayManagerService: 	at com.android.server.display.DisplayManagerService.access$700(DisplayManagerService.java:166)
03-23 15:07:57.002  1362  1383 W DisplayManagerService: 	at com.android.server.display.DisplayManagerService$DisplayManagerHandler.handleMessage(DisplayManagerService.java:1977)
03-23 15:07:57.002  1362  1383 W DisplayManagerService: 	at android.os.Handler.dispatchMessage(Handler.java:106)
03-23 15:07:57.002  1362  1383 W DisplayManagerService: 	at android.os.Looper.loop(Looper.java:268)
03-23 15:07:57.002  1362  1383 W DisplayManagerService: 	at android.os.HandlerThread.run(HandlerThread.java:67)
03-23 15:07:57.002  1362  1383 W DisplayManagerService: 	at com.android.server.ServiceThread.run(ServiceThread.java:44)
03-23 15:07:57.008  1362  4630 V ActivityManager: Death received in com.android.server.am.ActivityManagerService$AppDeathRecipient@2360ce5 for thread android.os.BinderProxy@70f73ba
03-23 15:07:57.009  1362  4630 D os.ActivityManagerServiceLice: make process inactive com.google.android.tts(17819)
03-23 15:07:57.009  1362  3194 V ActivityManager: Death received in com.android.server.am.ActivityManagerService$AppDeathRecipient@8f3186d for thread android.os.BinderProxy@240cca2
03-23 15:07:57.009  1362  4630 W ActivityManager: Scheduling restart of crashed service com.google.android.tts/com.google.android.apps.speech.tts.googletts.service.GoogleTtsService in 1000ms for connection
03-23 15:07:57.020  1362  1362 D AppLockLice: onWakefulnessChanged:true
03-23 15:07:57.023  1362  1362 D LockSettingsService: getCredentialTypeInternal rawType: 3
03-23 15:07:57.024  1362  1362 D WindowManager: setEnableTSensor isEnable:false, mTSensor:{Sensor name="TILT_DETECTOR", vendor="MTK", version=1, type=22, maxRange=1.0, resolution=1.0, power=0.001, minDelay=0}
03-23 15:07:57.024  1362  3180 W ActivityManager: Exception when unbinding service com.zaz.translate/org.chromium.content.app.SandboxedProcessService0:0
03-23 15:07:57.024  1362  3180 W ActivityManager: android.os.DeadObjectException
03-23 15:07:57.024  1362  3180 W ActivityManager: 	at android.os.BinderProxy.transactNative(Native Method)
03-23 15:07:57.024  1362  3180 W ActivityManager: 	at android.os.BinderProxy.transact(BinderProxy.java:559)
03-23 15:07:57.024  1362  3180 W ActivityManager: 	at android.app.IApplicationThread$Stub$Proxy.scheduleUnbindService(IApplicationThread.java:1711)
03-23 15:07:57.024  1362  3180 W ActivityManager: 	at com.android.server.am.ActiveServices.removeConnectionLocked(ActiveServices.java:4123)
03-23 15:07:57.024  1362  3180 W ActivityManager: 	at com.android.server.am.ActiveServices.unbindServiceLocked(ActiveServices.java:2689)
03-23 15:07:57.024  1362  3180 W ActivityManager: 	at com.android.server.am.ActivityManagerService.unbindService(ActivityManagerService.java:17061)
03-23 15:07:57.024  1362  3180 W ActivityManager: 	at android.app.IActivityManager$Stub.onTransact(IActivityManager.java:2879)
03-23 15:07:57.024  1362  3180 W ActivityManager: 	at com.android.server.am.ActivityManagerService.onTransact(ActivityManagerService.java:3288)
03-23 15:07:57.024  1362  3180 W ActivityManager: 	at android.os.Binder.execTransactInternal(Binder.java:1169)
03-23 15:07:57.024  1362  3180 W ActivityManager: 	at android.os.Binder.execTransact(Binder.java:1126)
03-23 15:07:57.032  1362  3194 D os.ActivityManagerServiceLice: make process inactive com.google.android.webview:sandboxed_process0:org.chromium.content.app.SandboxedProcessService0:0(17934)
03-23 15:07:57.050  1362  1362 D VibratorService: enable vibrator opPkg = android
03-23 15:07:57.051  1362  2083 D LockSettingsService: getCredentialTypeInternal rawType: 3
03-23 15:07:57.054  1362  1381 I WindowManager: requestDrawIfNeeded  isInPreWakeupInProgress=false win=Window{9ad5b59 u0 ScreenDecorOverlayBottom}
03-23 15:07:57.054  1362  1381 I WindowManager: requestDrawIfNeeded  isInPreWakeupInProgress=false win=Window{89a921 u0 ScreenDecorOverlay}
03-23 15:07:57.054  1362  1381 I WindowManager: requestDrawIfNeeded  isInPreWakeupInProgress=false win=Window{e5d4fa6 u0 NavigationBar0}
03-23 15:07:57.054  1362  1381 I WindowManager: requestDrawIfNeeded  isInPreWakeupInProgress=false win=Window{14eccbf u0 NotificationShade}
03-23 15:07:57.054  1362  1381 I WindowManager: requestDrawIfNeeded  isInPreWakeupInProgress=false win=Window{9e8f389 u0 StatusBar}
03-23 15:07:57.054  1362  3191 D LockSettingsService: getCredentialTypeInternal rawType: 3
03-23 15:07:57.063  1362  3194 D os.notification.pre:  add StatusBarNotification 234329118 current size 1
03-23 15:07:57.063  1362  3194 D os.notification: onEnqueueNotificationInternal StatusBarNotification:StatusBarNotification(pkg=com.android.systemui user=UserHandle{0} id=703709 tag=Securecharge key=0|com.android.systemui|703709|Securecharge|10161: Notification(channel=com.android.systemui.securecharge.charging shortcut=null contentView=null vibrate=null sound=null defaults=0x0 flags=0x10 color=0x00000000 vis=PRIVATE)) callingUid:10161 sn:484 res:true
03-23 15:07:57.063  1362  1391 D os.notification.SuspendJobManager: create job  com.transsion.common.SuspendJobManager$JobInfo@47de2cc key:NotificationRecord(0x0ebf64ff: pkg=com.android.systemui user=UserHandle{0} id=703709 tag=Securecharge importance=4 key=0|com.android.systemui|703709|Securecharge|10161: Notification(channel=com.android.systemui.securecharge.charging shortcut=null contentView=null vibrate=null sound=null defaults=0x0 flags=0x10 color=0x00000000 vis=PRIVATE)) data:com.android.server.notification.-$$Lambda$NotificationManagerService$EPoHVfWRkEt__ULyXgssSkaEWZE@a7be915 sn:-1 owner:{}
03-23 15:07:57.072  1362  1391 D os.notification.pre:  add Runnable 66324726 with StatusBarNotification 234329118 current size 1
03-23 15:07:57.072  1362  1391 D os.notification.SuspendJobManager: done  com.transsion.common.SuspendJobManager$JobInfo@47de2cc key:NotificationRecord(0x0ebf64ff: pkg=com.android.systemui user=UserHandle{0} id=703709 tag=Securecharge importance=4 key=0|com.android.systemui|703709|Securecharge|10161: Notification(channel=com.android.systemui.securecharge.charging shortcut=null contentView=null vibrate=null sound=null defaults=0x0 flags=0x10 color=0x00000000 vis=PRIVATE)) data:com.android.server.notification.-$$Lambda$NotificationManagerService$EPoHVfWRkEt__ULyXgssSkaEWZE@a7be915 sn:484 owner:{3021} for  app-3021-request
03-23 15:07:57.101  1362  4630 D LockSettingsService: getCredentialTypeInternal rawType: 3
03-23 15:07:57.103  1362  3194 D LockSettingsService: getCredentialTypeInternal rawType: 3
03-23 15:07:57.105  1362  3194 D LockSettingsService: getCredentialTypeInternal rawType: 3
03-23 15:07:57.119  1362  1383 D WindowManager: mWindowManagerDrawCallback MSG_WINDOW_MANAGER_DRAWN_COMPLETE All windows ready for display!
03-23 15:07:57.119  1362  1381 D WindowOrientationListener: WindowOrientationListener enabled clearCurrentRotation=true
03-23 15:07:57.122  1362  1420 I DisplayPowerController: Unblocked screen on after 148 ms
03-23 15:07:57.154  1362  1362 D Griffin/DeviceState: update playerItem, pid = 1362, uid = 1000, package = android, playerId = 463, playerState = 0
03-23 15:07:57.154  1362  1362 D Griffin/DeviceState: Caller from 2, create the new playerItem: 
03-23 15:07:57.154  1362  1362 D Griffin/DeviceState: AudioPlayerItem{playerId=463, playerState=0, lastUpdateTime=31683477, currentTime= 31683477}
03-23 15:07:57.190  1362  1362 W Looper  : Slow dispatch took 141ms main h=com.android.server.power.Notifier$NotifierHandler c=null m=6
03-23 15:07:57.197  1362  1362 V AlarmManager: ACTION_SCREEN_ON
03-23 15:07:57.198  1362  1362 I MWN     : onSignalStrengthsChanged...
03-23 15:07:57.199  1362  1362 I MWN     : network type = 0
03-23 15:07:57.201  1362  1362 I MWN     : mobile type = 13
03-23 15:07:57.201  1362  1362 I MWN     : Write 0 to node. type=4G mSimExist=true mFlightMode=false
03-23 15:07:57.201  1362  1362 I MWN     : write the value:0 to node successfully.
03-23 15:07:57.202  1362  1362 D os.notification.pre:  remove Runnable 66324726 with StatusBarNotification 234329118 for suspend run current size 0
03-23 15:07:57.222  1362  1362 D ApmDeviceSystemState: face unlock working on
03-23 15:07:57.223  1362  1362 D Griffin/StateProvider: settings-->face_unlock_keep_living
03-23 15:07:57.223  1362  1362 D Griffin/StateProvider: face unlock working on
03-23 15:07:57.228  1362  1420 W PowerManagerService: Screen on took 273 ms
03-23 15:07:57.237  1362  1362 D CompatibilityChangeReporter: Compat change id reported: 135634846; UID 1000; state: DISABLED
03-23 15:07:57.237  1362  1362 D CompatibilityChangeReporter: Compat change id reported: 135754954; UID 1000; state: ENABLED
03-23 15:07:57.251  1362  1362 V FingerprintService: Acquired: 6 2
03-23 15:07:57.253  1362  1394 I ActivityManager: Start proc 20024:com.transsion.keyguardgesture/1000 for service {com.transsion.microintelligence/com.transsion.keyguardgesture.service.KeyguardGestureService}
03-23 15:07:57.256  1362  1713 I TranFingerprintServiceExtImpl:  call onAcquireHook with mAllow=false   isPressUnlock=false
03-23 15:07:57.257  1362  1362 D DefragBroadcast: defrag stopAlarm
03-23 15:07:57.257  1362  1362 D DefragAlarm: stop alarm_kkk
03-23 15:07:57.259  1362  1362 D Griffin/StateProvider: screen state changed:on
03-23 15:07:57.261  1362  1362 D Griffin/PMReceiver: receive action:android.intent.action.SCREEN_ON
03-23 15:07:57.269  1362  1766 D CompatibilityChangeReporter: Compat change id reported: 135754954; UID 10145; state: ENABLED
03-23 15:07:57.269  1362  1394 D CompatibilityChangeReporter: Compat change id reported: 143937733; UID 10145; state: ENABLED
03-23 15:07:57.275  1768  1768 W FingerprintManager: sendAcquiredResult acquireInfo = 6vendorCode = 2
03-23 15:07:57.275  1768  1768 W FingerprintManager: Invalid acquired message: 6, 2
03-23 15:07:57.288  1362  3190 V ActivityManager: New death recipient com.android.server.am.ActivityManagerService$AppDeathRecipient@81211db for thread android.os.BinderProxy@b848478
03-23 15:07:57.293  1362  3190 D os.ActivityManagerServiceLice: make process active com.transsion.keyguardgesture(20024)
03-23 15:07:57.296  1362  1394 I ActivityManager: Start proc 20043:com.google.android.gm/u0a145 for service {com.google.android.gm/com.google.android.gm.provider.MailSyncAdapterService}
03-23 15:07:57.307  1362  1393 I DropBoxManagerService: add tag=system_server_wtf isTagEnabled=true flags=0x2
03-23 15:07:57.308  1362  1393 W DropBoxManagerService: Dropping: system_server_wtf (1237 > 0 bytes)
03-23 15:07:57.314  1362  1393 I DropBoxManagerService: add tag=system_server_wtf isTagEnabled=true flags=0x2
03-23 15:07:57.320  1362  1393 W DropBoxManagerService: Dropping: system_server_wtf (1237 > 0 bytes)
03-23 15:07:57.328  1362  1376 V ActivityManager: New death recipient com.android.server.am.ActivityManagerService$AppDeathRecipient@5a186c1 for thread android.os.BinderProxy@71b5e66
03-23 15:07:57.331  1362  1376 D os.ActivityManagerServiceLice: make process active com.google.android.gm(20043)
03-23 15:07:57.332  1362  4630 D CompatibilityChangeReporter: Compat change id reported: 136219221; UID 1000; state: ENABLED
03-23 15:07:57.355  1362  1376 V SettingsProvider: packageValueForCallResult, name = device_provisioned, value : Bundle[{_track_generation=android.util.MemoryIntArray@a6, value=1, _generation_index=0, _generation=173}]
03-23 15:07:57.357  1362  1376 V SettingsProvider: packageValueForCallResult, name = show_inadvertent, value : Bundle[{_track_generation=android.util.MemoryIntArray@a6, value=1, _generation_index=3, _generation=547}]
03-23 15:07:57.373 20024 20024 D AppTurboFactory: AppTurboFactory new
03-23 15:07:57.375 20024 20024 D AppTurboService: mTidEnabled false
03-23 15:07:57.410  1362  1362 W NotificationHistory: Attempted to add notif for locked/gone/disabled user 0
03-23 15:07:57.427  1362  1362 V FingerprintService: Acquired: 0 0
03-23 15:07:57.427  1362  1422 D TranFingerprintServiceExtImpl: mDaemonCallback onAuthenticated isPowerDown:false ,mIsInteractive:false ,isScreenOn:false ,hasPowerDown:false ,fingerId:0
03-23 15:07:57.427  1362  1362 V BiometricStats: Authentication latency: -1
03-23 15:07:57.427  1362  1362 W BiometricStats: found a negative latency : -1
03-23 15:07:57.427  1362  1713 I TranFingerprintServiceExtImpl:   call onAuthenticatedHook with mOnAcquireHandled=true   mAllow=false  authenticated=false isBiometricAllowedForUser=true  mCurrentUserId=0
03-23 15:07:57.428  1362  1362 V FingerprintService: onAuthenticated(false), ID:0, Owner: com.android.systemui, isBP: false, listener: com.android.server.biometrics.fingerprint.FingerprintService$ServiceListenerImpl@d3a2ce1, requireConfirmation: false, user: 0
03-23 15:07:57.428  1362  1713 D FingerprintTrancareUtil: onAuthenticatedUpdate screenOff:false, success:false, mVerifyTime = 21
03-23 15:07:57.429  1362  1362 D VibratorService: enable vibrator opPkg = android
03-23 15:07:57.434  1768  1862 D OsPrivacyNotifyManager: onActiveStateChanged ENABLE true code != OP_RECORD_AUDIO true
03-23 15:07:57.435  1768  1768 W FingerprintManager: sendAcquiredResult acquireInfo = 0vendorCode = 0
03-23 15:07:57.436  1362  2083 D LockSettingsService: getCredentialTypeInternal rawType: 3
03-23 15:07:57.456  1362  1380 D os.notification.pre:  add StatusBarNotification 63810687 current size 1
03-23 15:07:57.457  1362  1380 D os.notification: onEnqueueNotificationInternal StatusBarNotification:StatusBarNotification(pkg=android user=UserHandle{-1} id=32 tag=null key=-1|android|32|null|1000: Notification(channel=USB shortcut=null contentView=null vibrate=null sound=null tick defaults=0x0 flags=0x2 color=0xff607d8b vis=PUBLIC)) callingUid:1000 sn:485 res:true
03-23 15:07:57.457  1362  1391 D os.notification.SuspendJobManager: create job  com.transsion.common.SuspendJobManager$JobInfo@35a3c95 key:NotificationRecord(0x025b544c: pkg=android user=UserHandle{-1} id=32 tag=null importance=1 key=-1|android|32|null|1000: Notification(channel=USB shortcut=null contentView=null vibrate=null sound=null tick defaults=0x0 flags=0x2 color=0xff607d8b vis=PUBLIC)) data:com.android.server.notification.-$$Lambda$NotificationManagerService$EPoHVfWRkEt__ULyXgssSkaEWZE@c1f61aa sn:-1 owner:{}
03-23 15:07:57.457  1362  1362 V FingerprintService: Acquired: 6 3
03-23 15:07:57.457  1362  1391 D os.notification.pre:  add Runnable 211456411 with StatusBarNotification 63810687 current size 1
03-23 15:07:57.458  1362  1391 D os.notification.SuspendJobManager: done  com.transsion.common.SuspendJobManager$JobInfo@35a3c95 key:NotificationRecord(0x025b544c: pkg=android user=UserHandle{-1} id=32 tag=null importance=1 key=-1|android|32|null|1000: Notification(channel=USB shortcut=null contentView=null vibrate=null sound=null tick defaults=0x0 flags=0x2 color=0xff607d8b vis=PUBLIC)) data:com.android.server.notification.-$$Lambda$NotificationManagerService$EPoHVfWRkEt__ULyXgssSkaEWZE@c1f61aa sn:485 owner:{} for  no-listener
03-23 15:07:57.458  1362  1380 D UsbDeviceManager: push notification:Appareil en charge via USB
03-23 15:07:57.458  1362  1362 D os.notification.pre:  remove Runnable 211456411 with StatusBarNotification 63810687 for suspend run current size 0
03-23 15:07:57.459  1768  1768 W FingerprintManager: sendAcquiredResult acquireInfo = 6vendorCode = 3
03-23 15:07:57.459  1768  1768 W FingerprintManager: Invalid acquired message: 6, 3
03-23 15:07:57.460  1362  1380 D os.notification.pre:  add StatusBarNotification 252668216 current size 1
03-23 15:07:57.461  1362  1380 D os.notification: onEnqueueNotificationInternal StatusBarNotification:StatusBarNotification(pkg=android user=UserHandle{-1} id=26 tag=null key=-1|android|26|null|1000: Notification(channel=DEVELOPER_IMPORTANT shortcut=null contentView=null vibrate=null sound=null tick defaults=0x0 flags=0x2 color=0xff607d8b vis=PUBLIC)) callingUid:1000 sn:486 res:true
03-23 15:07:57.461  1362  1391 D os.notification.SuspendJobManager: create job  com.transsion.common.SuspendJobManager$JobInfo@be9ee76 key:NotificationRecord(0x04ef0d11: pkg=android user=UserHandle{-1} id=26 tag=null importance=4 key=-1|android|26|null|1000: Notification(channel=DEVELOPER_IMPORTANT shortcut=null contentView=null vibrate=null sound=null tick defaults=0x0 flags=0x2 color=0xff607d8b vis=PUBLIC)) data:com.android.server.notification.-$$Lambda$NotificationManagerService$EPoHVfWRkEt__ULyXgssSkaEWZE@e86ac77 sn:-1 owner:{}
03-23 15:07:57.461  1362  1391 D os.notification.pre:  add Runnable 49144036 with StatusBarNotification 252668216 current size 1
03-23 15:07:57.461  1362  1362 D os.notification.pre:  remove Runnable 49144036 with StatusBarNotification 252668216 for suspend run current size 0
03-23 15:07:57.462  1362  1391 D os.notification.SuspendJobManager: done  com.transsion.common.SuspendJobManager$JobInfo@be9ee76 key:NotificationRecord(0x04ef0d11: pkg=android user=UserHandle{-1} id=26 tag=null importance=4 key=-1|android|26|null|1000: Notification(channel=DEVELOPER_IMPORTANT shortcut=null contentView=null vibrate=null sound=null tick defaults=0x0 flags=0x2 color=0xff607d8b vis=PUBLIC)) data:com.android.server.notification.-$$Lambda$NotificationManagerService$EPoHVfWRkEt__ULyXgssSkaEWZE@e86ac77 sn:486 owner:{} for  no-listener
03-23 15:07:57.494  1362  1362 V FingerprintService: Acquired: 6 2
03-23 15:07:57.495  1768  1768 W FingerprintManager: sendAcquiredResult acquireInfo = 6vendorCode = 2
03-23 15:07:57.495  1362  1713 I TranFingerprintServiceExtImpl:  call onAcquireHook with mAllow=false   isPressUnlock=false
03-23 15:07:57.495  1768  1768 W FingerprintManager: Invalid acquired message: 6, 2
03-23 15:07:57.640 12438 12438 W ContextImpl: Calling a method in the system process without a qualified user: android.app.ContextImpl.startService:1765 android.content.ContextWrapper.startService:735 com.transsion.batterylab.CommonUtils.startService:20 com.transsion.batterylab.ScreenStatusReceiver.onReceive:98 android.app.LoadedApk$ReceiverDispatcher$Args.lambda$getRunnable$0$LoadedApk$ReceiverDispatcher$Args:1574 
03-23 15:07:57.643  1362  1804 D CompatibilityChangeReporter: Compat change id reported: 135634846; UID 1000; state: DISABLED
03-23 15:07:57.644  1362  1804 D CompatibilityChangeReporter: Compat change id reported: 135754954; UID 1000; state: ENABLED
03-23 15:07:57.661  1362  1362 W NotificationHistory: Attempted to add notif for locked/gone/disabled user 0
03-23 15:07:57.698  1362  1394 W ActivityManager: Slow operation: 57ms so far, now at startProcess: done updating battery stats
03-23 15:07:57.699  1362  1394 W ActivityManager: Slow operation: 58ms so far, now at startProcess: building log message
03-23 15:07:57.699  1362  1394 I ActivityManager: Start proc 20078:com.android.settings/1000 for service {com.android.settings/com.transsion.powercenter.service.NetSpeedService}
03-23 15:07:57.699  1362  1394 W ActivityManager: Slow operation: 58ms so far, now at startProcess: starting to update pids map
03-23 15:07:57.699  1362  1362 W NotificationHistory: Attempted to add notif for locked/gone/disabled user 0
03-23 15:07:57.700  1362  1394 W ActivityManager: Slow operation: 59ms so far, now at startProcess: done updating pids map
03-23 15:07:57.726  1362  1362 V FingerprintService: Acquired: 0 0
03-23 15:07:57.726  1362  1422 D TranFingerprintServiceExtImpl: mDaemonCallback onAuthenticated isPowerDown:false ,mIsInteractive:false ,isScreenOn:false ,hasPowerDown:false ,fingerId:0
03-23 15:07:57.727  1362  1362 V BiometricStats: Authentication latency: -1
03-23 15:07:57.727  1362  1362 W BiometricStats: found a negative latency : -1
03-23 15:07:57.727  1362  1713 I TranFingerprintServiceExtImpl:   call onAuthenticatedHook with mOnAcquireHandled=false   mAllow=false  authenticated=false isBiometricAllowedForUser=true  mCurrentUserId=0
03-23 15:07:57.727  1362  1713 D FingerprintTrancareUtil: onAuthenticatedUpdate screenOff:false, success:false, mVerifyTime = 21
03-23 15:07:57.727  1362  1362 V FingerprintService: onAuthenticated(false), ID:0, Owner: com.android.systemui, isBP: false, listener: com.android.server.biometrics.fingerprint.FingerprintService$ServiceListenerImpl@d3a2ce1, requireConfirmation: false, user: 0
03-23 15:07:57.729  1362  1362 D VibratorService: enable vibrator opPkg = android
03-23 15:07:57.729  1362  4630 V ActivityManager: New death recipient com.android.server.am.ActivityManagerService$AppDeathRecipient@c2b14bd for thread android.os.BinderProxy@5d79ab2
03-23 15:07:57.741  1362  1362 V FingerprintService: Acquired: 6 3
03-23 15:07:57.743  1362  4630 D os.ActivityManagerServiceLice: make process active com.android.settings(20078)
03-23 15:07:57.747  1768  1768 W FingerprintManager: sendAcquiredResult acquireInfo = 0vendorCode = 0
03-23 15:07:57.749  1362  1362 I MWN     : onSignalStrengthsChanged...
03-23 15:07:57.749  1362  3194 D LockSettingsService: getCredentialTypeInternal rawType: 3
03-23 15:07:57.750  1362  1362 I MWN     : network type = 0
03-23 15:07:57.751  1362  1362 I MWN     : mobile type = 13
03-23 15:07:57.751  1362  1362 I MWN     : Write 0 to node. type=4G mSimExist=true mFlightMode=false
03-23 15:07:57.752  1362  1362 I MWN     : write the value:0 to node successfully.
03-23 15:07:57.752  1768  1768 W FingerprintManager: sendAcquiredResult acquireInfo = 6vendorCode = 3
03-23 15:07:57.752  1768  1768 W FingerprintManager: Invalid acquired message: 6, 3
03-23 15:07:57.756  1362  4630 D CompatibilityChangeReporter: Compat change id reported: 136219221; UID 1000; state: ENABLED
03-23 15:07:57.802  1362  3194 V SettingsProvider: packageValueForCallResult, name = doze_enabled, value : Bundle[{_track_generation=android.util.MemoryIntArray@a6, value=0, _generation_index=2, _generation=106}]
03-23 15:07:57.813 20024 20024 D AppTurboService: initialize
03-23 15:07:57.814  1362  3180 D j       : isFeatureEnable, no corresponding key
03-23 15:07:57.814  1362  2083 D AppTurbo: isAllowedCallAppTurboJar version = 2.0.3
03-23 15:07:57.814  1362  2083 D AppTurbo: getTpTurboConfigs versionLong = 20003
03-23 15:07:57.815 20024 20024 D AppTurboService:  mAppTurboTouchSlop = 0 mIsTpTurboApp = true
03-23 15:07:57.815 20024 20024 D AppTurboService:  getSettingSupport resullt = false mSettingCloudEnable = true
03-23 15:07:57.816 20024 20024 D AppTurboService: versionName 1.4.0.51
03-23 15:07:57.818 20024 20024 D os.SingleLice: instance successfully. com.transsion.scrollshot.v1.ScrollShotImplLice@9627310 from com.transsion.scrollshot.ScrollShotImplLiceFactory
03-23 15:07:57.818 20024 20024 D os.SingleLiceFactory: instance successfully. com.transsion.scrollshot.v1.ScrollShotImplLice@9627310 from android.view.IViewLice
03-23 15:07:57.818 20024 20024 D os.LiceInfo: instance successfully. com.transsion.view.ViewLice@c5a0e09 from android.view.IViewLice
03-23 15:07:57.856  1362  1362 V FingerprintService: Acquired: 6 2
03-23 15:07:57.856  1362  1713 I TranFingerprintServiceExtImpl:  call onAcquireHook with mAllow=false   isPressUnlock=false
03-23 15:07:57.856  1768  1768 W FingerprintManager: sendAcquiredResult acquireInfo = 6vendorCode = 2
03-23 15:07:57.857  1768  1768 W FingerprintManager: Invalid acquired message: 6, 2
03-23 15:07:57.873  1362  2083 W WindowManager: Changing focus fromWindow{14eccbf u0 NotificationShade} to Window{4ccaa21 u0 com.transsion.microintelligence} displayId=0 Callers=com.android.server.wm.RootWindowContainer.updateFocusedWindowLocked:531 com.android.server.wm.WindowManagerService.updateFocusedWindowLocked:5921 com.android.server.wm.WindowManagerService.addWindow:1910 com.android.server.wm.Session.addToDisplayAsUser:176 
03-23 15:07:57.885  1362  3180 D LockSettingsService: getCredentialTypeInternal rawType: 3
03-23 15:07:57.933  1362  1362 V FingerprintService: Acquired: 0 0
03-23 15:07:57.933  1362  1422 D TranFingerprintServiceExtImpl: mDaemonCallback onAuthenticated isPowerDown:false ,mIsInteractive:false ,isScreenOn:false ,hasPowerDown:false ,fingerId:105429046
03-23 15:07:57.933  1768  1768 W FingerprintManager: sendAcquiredResult acquireInfo = 0vendorCode = 0
03-23 15:07:57.934  1362  1362 V BiometricStats: Authentication latency: -1
03-23 15:07:57.934  1362  1362 W BiometricStats: found a negative latency : -1
03-23 15:07:57.934  1362  1713 I TranFingerprintServiceExtImpl:   call onAuthenticatedHook with mOnAcquireHandled=false   mAllow=false  authenticated=true isBiometricAllowedForUser=true  mCurrentUserId=0
03-23 15:07:57.935  1362  1713 I ActivityTaskManager: notifyKeyguardGoingAwayQuickly set  mKeyguardGoingAwayQuickly to true, pid = 1362, MY_PID = 1362
03-23 15:07:57.935  1362  1362 V FingerprintService: onAuthenticated(true), ID:105429046, Owner: com.android.systemui, isBP: false, listener: com.android.server.biometrics.fingerprint.FingerprintService$ServiceListenerImpl@d3a2ce1, requireConfirmation: false, user: 0
03-23 15:07:57.935  1362  1713 I ActivityTaskManager: fingerprint pre wakeup scheduled,visible activity= ActivityRecord{c7ac88c u0 com.transsion.hilauncher/com.android.quickstep.recents_ui_overrides.src.com.android.launcher3.uioverrides.QuickstepLauncher t889}
03-23 15:07:57.936  1362  1713 D ActivityTaskManager: ActivityRecord makeActiveFingerprintNeeded  activity = null, shouldStartActivity = true
03-23 15:07:57.936  1362  1713 I StartActivityItem: obtain 2 onlyShow = true
03-23 15:07:57.937  1362  1713 D WindowManager: hide win for fingerprint wakeup&unlock follow optimized,win=Window{6005906 u0 com.transsion.hilauncher/com.android.quickstep.recents_ui_overrides.src.com.android.launcher3.uioverrides.QuickstepLauncher}
03-23 15:07:57.937  1362  1713 D WindowManager: hide win for fingerprint wakeup&unlock follow optimized,win=Window{7bc68e4 u0 com.transsion.hilauncher/com.android.quickstep.recents_ui_overrides.src.com.android.launcher3.uioverrides.QuickstepLauncher}
03-23 15:07:57.939  1362  1713 D WindowManager: checkAppTransitionReadForFgWakeup mVisibleAppsForFgWakeup.size = 1
03-23 15:07:57.939  1362  1713 D WindowManager: fingerprint pre wakeup check,not ready  opening app=com.transsion.hilauncher: allDrawn=false startingDisplayed=false startingMoved=false isRelaunching()=false startingWindow=null
03-23 15:07:57.940  1362  1713 I ActivityTaskManager: fingerprint pre wakeup scheduled,visible activity= ActivityRecord{c7ac88c u0 com.transsion.hilauncher/com.android.quickstep.recents_ui_overrides.src.com.android.launcher3.uioverrides.QuickstepLauncher t889}
03-23 15:07:57.940  1362  1713 D ActivityTaskManager: ActivityRecord makeActiveFingerprintNeeded  activity = null, shouldStartActivity = false
03-23 15:07:57.941  1362  1713 D FingerprintTrancareUtil: onAuthenticatedUpdate screenOff:false, success:true, mVerifyTime = 84
03-23 15:07:57.941  1362  1362 V FingerprintService: Done with client: com.android.systemui
03-23 15:07:57.941  1362  1384 D WindowManager: reset win for fingerprint wakeup&unlock follow optimized,win=Window{6005906 u0 com.transsion.hilauncher/com.android.quickstep.recents_ui_overrides.src.com.android.launcher3.uioverrides.QuickstepLauncher}
03-23 15:07:57.941  1362  1384 D WindowManager: reset win for fingerprint wakeup&unlock follow optimized,win=Window{7bc68e4 u0 com.transsion.hilauncher/com.android.quickstep.recents_ui_overrides.src.com.android.launcher3.uioverrides.QuickstepLauncher}
03-23 15:07:57.942  1362  1384 D WindowManager: checkAppTransitionReadForFgWakeup mVisibleAppsForFgWakeup.size = 1
03-23 15:07:57.942  1362  1384 D WindowManager: fingerprint pre wakeup check,not ready  opening app=com.transsion.hilauncher: allDrawn=false startingDisplayed=false startingMoved=false isRelaunching()=false startingWindow=null
03-23 15:07:57.943  1362  1362 D LockSettingsService: getCredentialTypeInternal rawType: 3
03-23 15:07:57.943  1362  3180 D LockSettingsService: getCredentialTypeInternal rawType: 3
03-23 15:07:57.946  1362  3180 D LockSettingsService: getCredentialTypeInternal rawType: 3
03-23 15:07:57.947  1362  3194 I WindowManager: Relayout Window{6005906 u0 com.transsion.hilauncher/com.android.quickstep.recents_ui_overrides.src.com.android.launcher3.uioverrides.QuickstepLauncher}: oldVis=8 newVis=0 focusMayChange = true
03-23 15:07:57.950  1362  3194 D WindowManager: checkAppTransitionReadForFgWakeup mVisibleAppsForFgWakeup.size = 1
03-23 15:07:57.950  1362  3194 D WindowManager: fingerprint pre wakeup check,not ready  opening app=com.transsion.hilauncher: allDrawn=false startingDisplayed=false startingMoved=false isRelaunching()=false startingWindow=null
03-23 15:07:57.955  1362  2083 D WindowManager: checkAppTransitionReadForFgWakeup mVisibleAppsForFgWakeup.size = 1
03-23 15:07:57.956  1362  1804 D LockSettingsService: getCredentialTypeInternal rawType: 3
03-23 15:07:57.956  1362  2083 D WindowManager: fingerprint pre wakeup check,not ready  opening app=com.transsion.hilauncher: allDrawn=false startingDisplayed=false startingMoved=false isRelaunching()=false startingWindow=null
03-23 15:07:57.958  1362  1362 D LockSettingsService: getCredentialTypeInternal rawType: 3
03-23 15:07:57.959  1362  1804 I ActivityTaskManager: setKeyguardGoingAway keyguardGoingAway = true
03-23 15:07:57.960  1362  1804 D ActivityTaskManager: Top Process State changed to PROCESS_STATE_TOP
03-23 15:07:57.962  1362  1362 D LockSettingsService: getCredentialTypeInternal rawType: 3
03-23 15:07:57.963  1362  3180 D LockSettingsService: getCredentialTypeInternal rawType: 3
03-23 15:07:57.964  1362  1804 D os.fingerprint: onActivityResume next:ActivityRecord{c7ac88c u0 com.transsion.hilauncher/com.android.quickstep.recents_ui_overrides.src.com.android.launcher3.uioverrides.QuickstepLauncher t889}
03-23 15:07:57.964  1362  1804 D os.fingerprint: checkActivityRecord nextCls = com.android.quickstep.recents_ui_overrides.src.com.android.launcher3.uioverrides.QuickstepLauncher
03-23 15:07:57.968  1362  2083 D LockSettingsService: getCredentialTypeInternal rawType: 3
03-23 15:07:57.969  1362  3190 I WindowManager: Relayout Window{7bc68e4 u0 com.transsion.hilauncher/com.android.quickstep.recents_ui_overrides.src.com.android.launcher3.uioverrides.QuickstepLauncher}: oldVis=4 newVis=0 focusMayChange = true
03-23 15:07:57.977  1362  1384 I WindowManager: Relayout Window{45d6ecc u0 SnapshotStartingWindow for taskId=889}: oldVis=8 newVis=0 focusMayChange = true
03-23 15:07:57.980  1362  3194 V SettingsProvider: name : face_unlock_succeed appId : 10161 pid : 1768 pkg :com.android.systemui
03-23 15:07:57.980  1362  3194 V SettingsProvider: Package name : com.android.systemui privateFlags : -1943007128
03-23 15:07:57.984  1362  3194 D LockSettingsService: getCredentialTypeInternal rawType: 3
03-23 15:07:57.990  1362  3194 I chatty  : uid=1000(system) Binder:1362_13 identical 1 line
03-23 15:07:57.991  1362  3194 D LockSettingsService: getCredentialTypeInternal rawType: 3
03-23 15:07:58.015  1362  1384 I WindowManager: applyPostLayoutPolicyLw 11 hideLayerLocked  
03-23 15:07:58.015  1362  1384 I WindowManager:      hideLayer with mSurfaceControl=Surface(name=NotificationShade)/@0x1528515
03-23 15:07:58.015  1362  1384 I WindowManager:  fingerprintUnlockTime = 81
03-23 15:07:58.015  1362  1384 D FingerprintTrancareUtil: updateUnlockCount unlockTime:165, mVerifyTime = 84
03-23 15:07:58.020  1362  1384 I WindowManager: applyPostLayoutPolicyLw 11 hideLayerLocked  
03-23 15:07:58.024  1362  3180 I WindowManager: applyPostLayoutPolicyLw 11 hideLayerLocked  
03-23 15:07:58.036  1362  1384 I WindowManager: applyPostLayoutPolicyLw 11 hideLayerLocked  
03-23 15:07:58.039  1362  1384 I chatty  : uid=1000(system) android.anim identical 1 line
03-23 15:07:58.041  1362  1384 I WindowManager: applyPostLayoutPolicyLw 11 hideLayerLocked  
03-23 15:07:58.045  1362  1362 D LockSettingsService: getCredentialTypeInternal rawType: 3
03-23 15:07:58.049  1362  2083 I TranWmsFloatExt: getTbFloatWMExt sFloatWindowManagerExt: com.transsion.server.wm.TranWmsTbFloatWindowManagerExtImpl@effd97
03-23 15:07:58.049  1362  2083 I FloatWindow: hookInputMethodShown inputShown: false
03-23 15:07:58.050  1362  1384 I WindowManager: applyPostLayoutPolicyLw 11 hideLayerLocked  
03-23 15:07:58.052  1362  1804 D ActivityTaskManager: setKeyguardShown: keyguardShowing = false, aodShowing = false
03-23 15:07:58.052  1362  1804 I ActivityTaskManager: setKeyguardGoingAway keyguardGoingAway = false
03-23 15:07:58.061  1362  3191 D LockSettingsService: getCredentialTypeInternal rawType: 3
03-23 15:07:58.072  1362  2083 I WindowManager: applyPostLayoutPolicyLw 11 hideLayerLocked  
03-23 15:07:58.087  1362  1393 D CompatibilityChangeReporter: Compat change id reported: 135634846; UID 10123; state: DISABLED
03-23 15:07:58.088  1362  1393 D CompatibilityChangeReporter: Compat change id reported: 135754954; UID 10123; state: ENABLED
03-23 15:07:58.090  1362  1394 D CompatibilityChangeReporter: Compat change id reported: 143937733; UID 10123; state: ENABLED
03-23 15:07:58.090  1362  1375 I WindowManager: applyPostLayoutPolicyLw 11 hideLayerLocked  
03-23 15:07:58.093 20043 20127 D AppTurboFactory: AppTurboFactory new
03-23 15:07:58.098 20043 20127 D AppTurboService: mTidEnabled false
03-23 15:07:58.104  1362  3191 I WindowManager: applyPostLayoutPolicyLw 11 hideLayerLocked  
03-23 15:07:58.112  1362  1383 D LockSettingsService: getCredentialTypeInternal rawType: 3
03-23 15:07:58.113  1362  1380 I UsbDeviceManager: Setting USB config to mtp
03-23 15:07:58.113  1362  1380 D UsbDeviceManager: setUsbConfig(5) request:51
03-23 15:07:58.119  1362  3190 D Griffin/ComponentManager: Limit receiveBroadcast:android.intent.action.USER_PRESENT for com.estrongs.android.pop/.app.StartServiceReceiver from sys, blacklist
03-23 15:07:58.119  1362  3190 D Griffin/ComponentManager: Limit receiveBroadcast:android.intent.action.USER_PRESENT for com.estrongs.android.pop/com.android.apps.pros.LocalCReceiver from sys, blacklist
03-23 15:07:58.123  2305  2305 D UxDetectorManager: dispatchEvent: null UxDetectorHandler!
03-23 15:07:58.124  1362  3182 I WindowManager: applyPostLayoutPolicyLw 11 hideLayerLocked  
03-23 15:07:58.133  1362  1394 I ActivityManager: Start proc 20136:com.google.android.tts/u0a123 for service {com.google.android.tts/com.google.android.apps.speech.tts.googletts.service.GoogleTtsService}
03-23 15:07:58.134  1362  3194 D os.permission.PermissionInfo: checkPermission 10171:android.permission.ACCESS_SHORTCUTS:false
03-23 15:07:58.137  1362  1394 W ActivityManager: Slow operation: 51ms so far, now at startProcess: done updating pids map
03-23 15:07:58.140  1362  1390 D FingerprintUtils: packagename is null,startApp fail!
03-23 15:07:58.172  1362  2368 W AdbDebuggingManager: Read failed with count -1
03-23 15:07:58.172  1362  2368 E AdbDebuggingManager: Caught an exception opening the socket: java.io.IOException: Connection refused
03-23 15:07:58.184  1362  3191 D DisplayPowerController: sendUpdatePowerState:UpdatePowerStateForLucid 
03-23 15:07:58.209  1362  3191 D LockSettingsService: getCredentialTypeInternal rawType: 3
03-23 15:07:58.223  1362  2141 V ActivityManager: New death recipient com.android.server.am.ActivityManagerService$AppDeathRecipient@db3b538 for thread android.os.BinderProxy@80b6911
03-23 15:07:58.241  1362 20084 D VibratorService: enable vibrator opPkg = android
03-23 15:07:58.251  1362  1373 D Griffin/DeviceState: update playerItem, pid = 1362, uid = 1000, package = android, playerId = 471, playerState = 0
03-23 15:07:58.251  1362  1373 D Griffin/DeviceState: Caller from 2, create the new playerItem: 
03-23 15:07:58.251  1362  1373 D Griffin/DeviceState: AudioPlayerItem{playerId=471, playerState=0, lastUpdateTime=31684574, currentTime= 31684574}
03-23 15:07:58.257  1362  2141 D os.ActivityManagerServiceLice: make process active com.google.android.tts(20136)
03-23 15:07:58.267  1362  1702 E UsbDeviceManager: notifyCurrentFunction request:51 status:0
03-23 15:07:58.272  1362  1381 W Looper  : Slow dispatch took 110ms android.ui h=com.android.server.am.ActivityManagerService$UiHandler c=null m=53
03-23 15:07:58.276  1362  3191 D LockSettingsService: getCredentialTypeInternal rawType: 3
03-23 15:07:58.279  1362  1384 I WindowManager: applyPostLayoutPolicyLw 11 hideLayerLocked  
03-23 15:07:58.298  1362  1384 I WindowManager: applyPostLayoutPolicyLw 11 hideLayerLocked  
03-23 15:07:58.319  1362  4630 D WindowManager: applyPostLayoutPolicyLw 1  resetCanHideKeyguard  
03-23 15:07:58.319  1362  4630 I WindowManager:  resetLayerLocked mPreWakeupInProgress by goToSleep action,we should reset status layer immediately.
03-23 15:07:58.321  1362  1454 D LockSettingsService: getCredentialTypeInternal rawType: 3
03-23 15:07:58.388  1362  1362 W Looper  : Slow dispatch took 249ms main h=android.app.ActivityThread$H c=android.app.-$$Lambda$LoadedApk$ReceiverDispatcher$Args$_BumDX2UKsnxLVrE6UJsJZkotuA@3127874 m=0
03-23 15:07:58.388  1362  1362 W Looper  : Slow delivery took 268ms main h=android.app.ActivityThread$H c=android.app.-$$Lambda$LoadedApk$ReceiverDispatcher$Args$_BumDX2UKsnxLVrE6UJsJZkotuA@d48d19d m=0
03-23 15:07:58.388  1362  1362 D Griffin/StateProvider: key guard unlock!
03-23 15:07:58.388  1362  1362 D Griffin/PMReceiver: receive action:android.intent.action.USER_PRESENT
03-23 15:07:58.389  1362  1362 D ApmDeviceSystemState: face unlock working off
03-23 15:07:58.389  1362  1362 D Griffin/StateProvider: settings-->face_unlock_keep_living
03-23 15:07:58.389  1362  1362 D Griffin/StateProvider: face unlock working off
03-23 15:07:58.479  1362  1362 W Looper  : Drained
03-23 15:07:58.514 20136 20136 D AppTurboFactory: AppTurboFactory new
03-23 15:07:58.526 20136 20136 D AppTurboService: mTidEnabled false
03-23 15:07:58.576  1362  1380 D UsbDeviceManager: Clear notification
03-23 15:07:58.579  1362  1380 D os.notification.pre:  add StatusBarNotification 102893089 current size 1
