03-23 15:05:10.615 19610 19666 E AndroidRuntime: anonymous@1:829006
03-23 15:05:10.615 19610 19666 E AndroidRuntime: loadModuleImplementation@1:40064
03-23 15:05:10.615 19610 19666 E AndroidRuntime: guardedLoadModule@1:39619
03-23 15:05:10.615 19610 19666 E AndroidRuntime: metroRequire@1:39247
03-23 15:05:10.615 19610 19666 E AndroidRuntime: anonymous@1:795097
03-23 15:05:10.615 19610 19666 E AndroidRuntime: loadModuleImplementation@1:40064
03-23 15:05:10.615 19610 19666 E AndroidRuntime: guardedLoadModule@1:39619
03-23 15:05:10.615 19610 19666 E AndroidRuntime: metroRequire@1:39247
03-23 15:05:10.615 19610 19666 E AndroidRuntime: anonymous@1:793084
03-23 15:05:10.615 19610 19666 E AndroidRuntime: loadModuleImplementation@1:40064
03-23 15:05:10.615 19610 19666 E AndroidRuntime: guardedLoadModule@1:39619
03-23 15:05:10.615 19610 19666 E AndroidRuntime: metroRequire@1:39247
03-23 15:05:10.615 19610 19666 E AndroidRuntime: anonymous@1:785600
03-23 15:05:10.615 19610 19666 E AndroidRuntime: loadModuleImplementation@1:40064
03-23 15:05:10.615 19610 19666 E AndroidRuntime: guardedLoadModule@1:39619
03-23 15:05:10.615 19610 19666 E AndroidRuntime: metroRequire@1:39247
03-23 15:05:10.615 19610 19666 E AndroidRuntime: anonymous@1:671572
03-23 15:05:10.615 19610 19666 E AndroidRuntime: loadModuleImplementation@1:40064
03-23 15:05:10.615 19610 19666 E AndroidRuntime: guardedLoadModule@1:39619
03-23 15:05:10.615 19610 19666 E AndroidRuntime: metroRequire@1:39247
03-23 15:05:10.615 19610 19666 E AndroidRuntime: anonymous@1:46450
03-23 15:05:10.615 19610 19666 E AndroidRuntime: loadModuleImplementation@1:40064
03-23 15:05:10.615 19610 19666 E AndroidRuntime: guardedLoadModule@1:39576
03-23 15:05:10.615 19610 19666 E AndroidRuntime: metroRequire@1:39247
03-23 15:05:10.615 19610 19666 E AndroidRuntime: global@1:38803
03-23 15:05:10.615 19610 19666 E AndroidRuntime: 
03-23 15:05:10.615 19610 19666 E AndroidRuntime: 	at com.facebook.react.modules.core.ExceptionsManagerModule.reportException(ExceptionsManagerModule.java:65)
03-23 15:05:10.615 19610 19666 E AndroidRuntime: 	at java.lang.reflect.Method.invoke(Native Method)
03-23 15:05:10.615 19610 19666 E AndroidRuntime: 	at com.facebook.react.bridge.JavaMethodWrapper.invoke(JavaMethodWrapper.java:372)
03-23 15:05:10.615 19610 19666 E AndroidRuntime: 	at com.facebook.react.bridge.JavaModuleWrapper.invoke(JavaModuleWrapper.java:188)
03-23 15:05:10.615 19610 19666 E AndroidRuntime: 	at com.facebook.jni.NativeRunnable.run(Native Method)
03-23 15:05:10.615 19610 19666 E AndroidRuntime: 	at android.os.Handler.handleCallback(Handler.java:938)
03-23 15:05:10.615 19610 19666 E AndroidRuntime: 	at android.os.Handler.dispatchMessage(Handler.java:99)
03-23 15:05:10.615 19610 19666 E AndroidRuntime: 	at com.facebook.react.bridge.queue.MessageQueueThreadHandler.dispatchMessage(MessageQueueThreadHandler.java:27)
03-23 15:05:10.615 19610 19666 E AndroidRuntime: 	at android.os.Looper.loop(Looper.java:268)
03-23 15:05:10.615 19610 19666 E AndroidRuntime: 	at com.facebook.react.bridge.queue.MessageQueueThreadImpl$4.run(MessageQueueThreadImpl.java:228)
03-23 15:05:10.615 19610 19666 E AndroidRuntime: 	at java.lang.Thread.run(Thread.java:923)
03-23 15:05:10.617  1362  3190 I TNEService: tne=vendor.transsion.hardware.tne.tneengine@1.0::ITne@Proxy
03-23 15:05:10.618  1362  3190 D ActivityManager: crashInfo.exceptionClassName = com.facebook.react.common.JavascriptException , crashInfo.exceptionMessage = Error: [Reanimated] The native part of Reanimated doesn't seem to be initialized. This could be caused by
03-23 15:05:10.618  1362  3190 D ActivityManager:   - not rebuilding the app after installing or upgrading Reanimated
03-23 15:05:10.618  1362  3190 D ActivityManager:   - trying to run Reanimated on an unsupported platform
03-23 15:05:10.618  1362  3190 D ActivityManager:   - running in a brownfield app without manually initializing the native library, js engine: hermes, stack:
03-23 15:05:10.618  1362  3190 D ActivityManager: NativeReanimated@1:852688
03-23 15:05:10.618  1362  3190 D ActivityManager: anonymous@1:848306
03-23 15:05:10.618  1362  3190 D ActivityManager: loadModuleImplementation@1:40064
03-23 15:05:10.618  1362  3190 D ActivityManager: guardedLoadModule@1:39619
03-23 15:05:10.618  1362  3190 D ActivityManager: metroRequire@1:39247
03-23 15:05:10.618  1362  3190 D ActivityManager: anonymous@1:847023
03-23 15:05:10.618  1362  3190 D ActivityManager: loadModuleImplementation@1:40064
03-23 15:05:10.618  1362  3190 D ActivityManager: guardedLoadModule@1:39619
03-23 15:05:10.618  1362  3190 D ActivityManager: metroRequire@1:39247
03-23 15:05:10.618  1362  3190 D ActivityManager: anonymous@1:839247
03-23 15:05:10.618  1362  3190 D ActivityManager: loadModuleImplementation@1:40064
03-23 15:05:10.618  1362  3190 D ActivityManager: guardedLoadModule@1:39619
03-23 15:05:10.618  1362  3190 D ActivityManager: metroRequire@1:39247
03-23 15:05:10.618  1362  3190 D ActivityManager: anonymous@1:838614
03-23 15:05:10.618  1362  3190 D ActivityManager: loadModuleImplementation@1:40064
03-23 15:05:10.618  1362  3190 D ActivityManager: guardedLoadModule@1:39619
03-23 15:05:10.618  1362  3190 D ActivityManager: metroRequire@1:39247
03-23 15:05:10.618  1362  3190 D ActivityManager: anonymous@1:837549
03-23 15:05:10.618  1362  3190 D ActivityManager: loadModuleImplementation@1:40064
03-23 15:05:10.618  1362  3190 D ActivityManager: guardedLoadModule@1:39619
03-23 15:05:10.618  1362  3190 D ActivityManager: metroRequire@1:39247
03-23 15:05:10.618  1362  3190 D ActivityManager: anonymous@1:837192
03-23 15:05:10.618  1362  3190 D ActivityManager: loadModuleImplementation@1:40064
03-23 15:05:10.618  1362  3190 D ActivityManager: guardedLoadModule@1:39619
03-23 15:05:10.618  1362  3190 D ActivityManager: metroRequire@1:39247
03-23 15:05:10.618  1362  3190 D ActivityManager: anonymous@1:836067
03-23 15:05:10.618  1362  3190 D ActivityManager: loadModuleImplementation@1:40064
03-23 15:05:10.618  1362  3190 D ActivityManager: guardedLoadModule@1:39619
03-23 15:05:10.618  1362  3190 D ActivityManager: metroRequire@1:39247
03-23 15:05:10.618  1362  3190 D ActivityManager: anonymous@1:833066
03-23 15:05:10.618  1362  3190 D ActivityManager: loadModuleImplementation@1:40064
03-23 15:05:10.618  1362  3190 D ActivityManager: guardedLoadModule@1:39619
03-23 15:05:10.618  1362  3190 D ActivityManager: metroRequire@1:39247
03-23 15:05:10.618  1362  3190 D ActivityManager: anonymous@1:832761
03-23 15:05:10.618  1362  3190 D ActivityManager: loadModuleImplementation@1:40064
03-23 15:05:10.618  1362  3190 D ActivityManager: guardedLoadModule@1:39619
03-23 15:05:10.618  1362  3190 D ActivityManager: metroRequire@1:39247
03-23 15:05:10.618  1362  3190 D ActivityManager: anonymous@1:831795
03-23 15:05:10.618  1362  3190 D ActivityManager: loadModuleImplementation@1:40064
03-23 15:05:10.618  1362  3190 D ActivityManager: guardedLoadModule@1:39619
03-23 15:05:10.618  1362  3190 D ActivityManager: metroRequire@1:39247
03-23 15:05:10.618  1362  3190 D ActivityManager: anonymous@1:829676
03-23 15:05:10.618  1362  3190 D ActivityManager: loadModuleImplementation@1:40064
03-23 15:05:10.618  1362  3190 D ActivityManager: guardedLoadModule@1:39619
03-23 15:05:10.618  1362  3190 D ActivityManager: metroRequire@1:39247
03-23 15:05:10.618  1362  3190 D ActivityManager: anonymous@1:829006
03-23 15:05:10.618  1362  3190 D ActivityManager: loadModuleImplementation@1:40064
03-23 15:05:10.618  1362  3190 D ActivityManager: guardedLoadModule@1:39619
03-23 15:05:10.618  1362  3190 D ActivityManager: metroRequire@1:39247
03-23 15:05:10.618  1362  3190 D ActivityManager: anonymous@1:795097
03-23 15:05:10.618  1362  3190 D ActivityManager: loadModuleImplementation@1:40064
03-23 15:05:10.618  1362  3190 D ActivityManager: guardedLoadModule@1:39619
03-23 15:05:10.618  1362  3190 D ActivityManager: metroRequire@1:39247
03-23 15:05:10.618  1362  3190 D ActivityManager: anonymous@1:793084
03-23 15:05:10.618  1362  3190 D ActivityManager: loadModuleImplementation@1:40064
03-23 15:05:10.618  1362  3190 D ActivityManager: guardedLoadModule@1:39619
03-23 15:05:10.618  1362  3190 D ActivityManager: metroRequire@1:39247
03-23 15:05:10.618  1362  3190 D ActivityManager: anonymous@1:785600
03-23 15:05:10.618  1362  3190 D ActivityManager: loadModuleImplementation@1:40064
03-23 15:05:10.618  1362  3190 D ActivityManager: guardedLoadModule@1:39619
03-23 15:05:10.618  1362  3190 D ActivityManager: metroRequire@1:39247
03-23 15:05:10.618  1362  3190 D ActivityManager: anonymous@1:671572
03-23 15:05:10.618  1362  3190 D ActivityManager: loadModuleImplementation@1:40064
03-23 15:05:10.618  1362  3190 D ActivityManager: guardedLoadModule@1:39619
03-23 15:05:10.618  1362  3190 D ActivityManager: metroRequire@1:39247
03-23 15:05:10.618  1362  3190 D ActivityManager: anonymous@1:46450
03-23 15:05:10.618  1362  3190 D ActivityManager: loadModuleImplementation@1:40064
03-23 15:05:10.618  1362  3190 D ActivityManager: guardedLoadModule@1:39576
03-23 15:05:10.618  1362  3190 D ActivityManager: metroRequire@1:39247
03-23 15:05:10.618  1362  3190 D ActivityManager: global@1:38803
03-23 15:05:10.618  1362  3190 D ActivityManager: , crashInfo.throwFileName = ExceptionsManagerModule.java,crashInfo.throwLineNumber = 65
03-23 15:05:10.618  1362  3190 D AppPermissionProof: isForeApp = true, securityExceptionList = []
03-23 15:05:10.618  1362  3190 D AppPermissionProof: permission proof speed of 0 mm
03-23 15:05:10.620  1362 19678 I DropBoxManagerService: add tag=data_app_crash isTagEnabled=true flags=0x2
03-23 15:05:10.620  1362  3190 W ActivityTaskManager:   Force finishing activity com.tasawallet/.MainActivity
03-23 15:05:10.622  1362  3190 D WindowManager: Looking for focus: Window{a2ef18 u0 com.tasawallet/com.tasawallet.MainActivity}
03-23 15:05:10.622  1362  3190 W WindowManager: Changing focus fromWindow{a2ef18 u0 com.tasawallet/com.tasawallet.MainActivity} to null displayId=0 Callers=com.android.server.wm.RootWindowContainer.updateFocusedWindowLocked:531 com.android.server.wm.WindowManagerService.updateFocusedWindowLocked:5921 com.android.server.wm.DisplayContent.setFocusedApp:5868 com.android.server.wm.ActivityTaskManagerService.setResumedActivityUncheckLocked:6075 
03-23 15:05:10.624  1362 19678 W DropBoxManagerService: Dropping: data_app_crash (3118 > 0 bytes)
03-23 15:05:10.629  1362  1390 W ContextImpl: Calling a method in the system process without a qualified user: android.app.ContextImpl.sendBroadcast:1147 com.android.server.am.ActivityManagerService.sendExceptionDataToTABE:11469 com.android.server.am.ActivityManagerService.access$800:520 com.android.server.am.ActivityManagerService$5.handleMessage:2166 android.os.Handler.dispatchMessage:106 
03-23 15:05:10.636  1362  1393 W BroadcastQueue: Background execution not allowed: receiving Intent { act=android.intent.action.DROPBOX_ENTRY_ADDED flg=0x10 (has extras) } to com.google.android.gms/.chimera.GmsIntentOperationService$PersistentTrustedReceiver
03-23 15:05:10.636  1362  1393 W BroadcastQueue: Background execution not allowed: receiving Intent { act=android.intent.action.DROPBOX_ENTRY_ADDED flg=0x10 (has extras) } to com.google.android.gms/.stats.service.DropBoxEntryAddedReceiver
03-23 15:05:10.639  1362  2031 D j       : isFeatureEnable, no corresponding key
03-23 15:05:10.639  1362  2031 I ActivityManager: Applaunch form com.tasawallet to com.transsion.hilauncher
03-23 15:05:10.641  1362  2076 D os.fingerprint: onActivityResume next:ActivityRecord{c7ac88c u0 com.transsion.hilauncher/com.android.quickstep.recents_ui_overrides.src.com.android.launcher3.uioverrides.QuickstepLauncher t889}
03-23 15:05:10.641  1362  2076 D os.fingerprint: checkActivityRecord nextCls = com.android.quickstep.recents_ui_overrides.src.com.android.launcher3.uioverrides.QuickstepLauncher
03-23 15:05:10.648  1362  2141 I WindowManager: Relayout Window{6005906 u0 com.transsion.hilauncher/com.android.quickstep.recents_ui_overrides.src.com.android.launcher3.uioverrides.QuickstepLauncher}: oldVis=8 newVis=0 focusMayChange = true
03-23 15:05:10.699  1362  3193 D os.permission.PermissionInfo: checkPermission 10171:android.permission.ACCESS_SHORTCUTS:false
03-23 15:05:10.713  1362  2141 D DisplayPowerController: sendUpdatePowerState:UpdatePowerStateForLucid 
03-23 15:05:10.713  1362  2076 I WindowManager: Relayout Window{7bc68e4 u0 com.transsion.hilauncher/com.android.quickstep.recents_ui_overrides.src.com.android.launcher3.uioverrides.QuickstepLauncher}: oldVis=4 newVis=0 focusMayChange = true
03-23 15:05:10.722  1362  2076 W WindowManager: Changing focus fromnull to Window{7bc68e4 u0 com.transsion.hilauncher/com.android.quickstep.recents_ui_overrides.src.com.android.launcher3.uioverrides.QuickstepLauncher} displayId=0 Callers=com.android.server.wm.RootWindowContainer.updateFocusedWindowLocked:531 com.android.server.wm.WindowManagerService.updateFocusedWindowLocked:5921 com.android.server.wm.WindowManagerService.relayoutWindow:2603 com.android.server.wm.Session.relayout:213 
03-23 15:05:10.722  1362  1390 D FingerprintUtils: setAppDisableWithFingerId fingerprintCount =  4
03-23 15:05:10.722  1362  1390 D FingerprintUtils: setAppDisableWithFingerId appUserId =  0
03-23 15:05:10.755  1362  3190 V ActivityManager: Death received in com.android.server.am.ActivityManagerService$AppDeathRecipient@62f0a15 for thread android.os.BinderProxy@857e12a
03-23 15:05:10.755  1362  2141 D MtkConnectivityService: ConnectivityService NetworkRequestInfo binderDied(NetworkRequest [ TRACK_DEFAULT id=572, [ Capabilities: INTERNET&NOT_RESTRICTED&TRUSTED Uid: 10540 AdministratorUids: [] RequestorUid: 10540 RequestorPackageName: com.tasawallet] ], android.os.BinderProxy@7bbf4ec)
03-23 15:05:10.757  1362  3190 I ActivityManager: Process com.tasawallet (pid 19610) has died: prcp CRE 
03-23 15:05:10.758  1362  3190 D Griffin/ComponentManager: Limit Start proc com.tasawallet restart for 3rd-normal
03-23 15:05:10.758  1362  3190 D os.ActivityManagerServiceLice: make process inactive com.tasawallet(19610)
03-23 15:05:10.788  1362  3193 W WindowManager: Failed looking up window session=Session{56f36f5 19610:u0a10540} callers=com.android.server.wm.WindowManagerService.windowForClientLocked:5777 com.android.server.wm.WindowState$DeathRecipient.binderDied:3139 android.os.IBinder$DeathRecipient.binderDied:305 
03-23 15:05:10.788  1362  3193 I WindowManager: WIN DEATH: null
03-23 15:05:10.804  1362  1383 W ActivityManager: setHasOverlayUi called on unknown pid: 19610
03-23 15:05:11.225  1362  1362 V FingerprintService: startAuthentication(android)
03-23 15:05:11.225  1362  1362 V FingerprintService: starting client AuthenticationClientImpl(android) targetUserId: 0 currentUserId: 0 cookie: 0/0
03-23 15:05:11.252  1362  1362 W FingerprintService: client android is authenticating...
03-23 15:05:11.827  1362  1393 I ActivityManager: Waited long enough for: ServiceRecord{d04acea u0 com.whatsapp.w4b/com.whatsapp.messaging.MessageService}
03-23 15:05:12.641  1362  1407 D Griffin/CleanManager: dispatch clean index=11
03-23 15:05:12.642  1362  1407 D Griffin/IdleClean: clean coast 1ms
03-23 15:05:12.661  1362  1362 I MWN     : onSignalStrengthsChanged...
03-23 15:05:12.662  1362  1362 I MWN     : network type = 0
03-23 15:05:12.663  1362  1362 I MWN     : mobile type = 13
03-23 15:05:12.663  1362  1362 I MWN     : Write 0 to node. type=4G mSimExist=true mFlightMode=false
03-23 15:05:12.664  1362  1362 I MWN     : write the value:0 to node successfully.
03-23 15:05:15.349  1362  1362 I MWN     : onSignalStrengthsChanged...
03-23 15:05:15.350  1362  1362 I MWN     : network type = 0
03-23 15:05:15.352  1362  1362 I MWN     : mobile type = 13
03-23 15:05:15.353  1362  1362 I MWN     : Write 0 to node. type=4G mSimExist=true mFlightMode=false
03-23 15:05:15.354  1362  1362 I MWN     : write the value:0 to node successfully.
03-23 15:05:15.560  1362  1422 I UsbPortManager: ClientCallback V1_1: dual-role-usb20
03-23 15:05:15.560  1362  1380 I UsbPortManager: USB port changed: port=UsbPort{id=dual-role-usb20, supportedModes=dualsupportedContaminantProtectionModes=0supportsEnableContaminantPresenceProtection=falsesupportsEnableContaminantPresenceDetection=false, status=UsbPortStatus{connected=false, currentMode=none, currentPowerRole=no-power, currentDataRole=no-data, supportedRoleCombinations=[no-power:no-data], contaminantDetectionStatus=0, contaminantProtectionStatus=0}, canChangeMode=false, canChangePowerRole=false, canChangeDataRole=false, connectedAtMillis=0, lastConnectDurationMillis=352138
03-23 15:05:15.572  1362  1393 W BroadcastQueue: Background execution not allowed: receiving Intent { act=android.intent.action.ACTION_POWER_DISCONNECTED flg=0x4000010 (has extras) } to com.google.android.gms/.chimera.GmsIntentOperationService$PersistentTrustedReceiver
03-23 15:05:15.572  1362  1393 W BroadcastQueue: Background execution not allowed: receiving Intent { act=android.intent.action.ACTION_POWER_DISCONNECTED flg=0x4000010 (has extras) } to com.google.android.projection.gearhead/com.google.android.apps.auto.components.connectivity.impl.ConnectivityEventHandlerImpl$ConnectivityEventBroadcastReceiver
03-23 15:05:15.572  1362  1393 W BroadcastQueue: Background execution not allowed: receiving Intent { act=android.intent.action.ACTION_POWER_DISCONNECTED flg=0x4000010 (has extras) } to com.transsion.phoenix/com.cloudview.daemon.way.broadcast.DaemonBroadCastReceiver
03-23 15:05:15.633  1362  1400 D KernelCpuUidUserSysTimeReader: Removing uids 99029-99029
03-23 15:05:15.634  1362  1400 D KernelCpuUidUserSysTimeReader: Removing uids 99022-99022
03-23 15:05:15.635  1362  1400 I BatteryStatsImpl: Resetting battery stats: level=98 status=2 dischargeLevel=98 lowAmount=0 highAmount=0
03-23 15:05:16.557  1362  1380 D UsbDeviceManager: Clear notification
03-23 15:05:16.569  1362  3191 D CompatibilityChangeReporter: Compat change id reported: 135754954; UID 10108; state: ENABLED
03-23 15:05:16.569  1362  1394 D CompatibilityChangeReporter: Compat change id reported: 143937733; UID 10108; state: ENABLED
03-23 15:05:16.583  1362  1394 I ActivityManager: Start proc 19702:com.google.android.projection.gearhead:car/u0a108 for broadcast {com.google.android.projection.gearhead/com.google.android.apps.auto.carservice.gmscorecompat.CarUsbReceiver}
03-23 15:05:16.608  1362  3191 V ActivityManager: New death recipient com.android.server.am.ActivityManagerService$AppDeathRecipient@2641b6e for thread android.os.BinderProxy@a0f620f
03-23 15:05:16.611  1362  3191 D os.ActivityManagerServiceLice: make process active com.google.android.projection.gearhead:car(19702)
03-23 15:05:16.670 19702 19702 D AppTurboFactory: AppTurboFactory new
03-23 15:05:16.671 19702 19702 D AppTurboService: mTidEnabled false
03-23 15:05:17.497  1362  1362 I MWN     : onSignalStrengthsChanged...
03-23 15:05:17.498  1362  1362 I MWN     : network type = 0
03-23 15:05:17.499  1362  1362 I MWN     : mobile type = 13
03-23 15:05:17.499  1362  1362 I MWN     : Write 0 to node. type=4G mSimExist=true mFlightMode=false
03-23 15:05:17.499  1362  1362 I MWN     : write the value:0 to node successfully.
03-23 15:05:19.454  1362  1804 V ActivityManager: Death received in com.android.server.am.ActivityManagerService$AppDeathRecipient@5ad5ee0 for thread android.os.BinderProxy@ef9d599
03-23 15:05:19.455  1362  1804 I ActivityManager: Process com.transsion.childmode (pid 19403) has died: fg  SVC 
03-23 15:05:19.455  1362  1804 D os.ActivityManagerServiceLice: make process inactive com.transsion.childmode(19403)
03-23 15:05:20.410  1362  1362 I MWN     : onSignalStrengthsChanged...
03-23 15:05:20.411  1362  1362 I MWN     : network type = 0
03-23 15:05:20.414  1362  1362 I MWN     : mobile type = 13
03-23 15:05:20.414  1362  1362 I MWN     : Write 0 to node. type=4G mSimExist=true mFlightMode=false
03-23 15:05:20.415  1362  1362 I MWN     : write the value:0 to node successfully.
03-23 15:05:23.162  1362  1389 D DexOptExtImpl: dex2oat com.tasawallet delayed 97424ms for interval. 
03-23 15:05:23.247  1362  1362 I MWN     : onSignalStrengthsChanged...
03-23 15:05:23.248  1362  1362 I MWN     : network type = 0
03-23 15:05:23.251  1362  1362 I MWN     : mobile type = 13
03-23 15:05:23.251  1362  1362 I MWN     : Write 0 to node. type=4G mSimExist=true mFlightMode=false
03-23 15:05:23.252  1362  1362 I MWN     : write the value:0 to node successfully.
03-23 15:05:24.767  1362  1804 I ActivityManager: Killing 19124:com.transsion.phoenix/u0a175 (adj 985): empty #17
03-23 15:05:24.870  1362  3781 V ActivityManager: Death received in com.android.server.am.ActivityManagerService$AppDeathRecipient@996156e for thread android.os.BinderProxy@82d40f
03-23 15:05:24.872  1362  3781 D os.ActivityManagerServiceLice: make process inactive com.transsion.phoenix(19124)
03-23 15:05:25.098  1362  1763 D Griffin/ResourceTracker: Cat meminfo coast time: 13ms
03-23 15:05:26.029  1362  1362 I MWN     : onSignalStrengthsChanged...
03-23 15:05:26.030  1362  1362 I MWN     : network type = 0
03-23 15:05:26.032  1362  1362 I MWN     : mobile type = 13
03-23 15:05:26.032  1362  1362 I MWN     : Write 0 to node. type=4G mSimExist=true mFlightMode=false
03-23 15:05:26.034  1362  1362 I MWN     : write the value:0 to node successfully.
03-23 15:05:28.827  1362  1362 I MWN     : onSignalStrengthsChanged...
03-23 15:05:28.829  1362  1362 I MWN     : network type = 0
03-23 15:05:28.831  1362  1362 I MWN     : mobile type = 13
03-23 15:05:28.831  1362  1362 I MWN     : Write 0 to node. type=4G mSimExist=true mFlightMode=false
03-23 15:05:28.832  1362  1362 I MWN     : write the value:0 to node successfully.
03-23 15:05:31.588  1362  1362 I MWN     : onSignalStrengthsChanged...
03-23 15:05:31.589  1362  1362 I MWN     : network type = 0
03-23 15:05:31.592  1362  1362 I MWN     : mobile type = 13
03-23 15:05:31.592  1362  1362 I MWN     : Write 0 to node. type=4G mSimExist=true mFlightMode=false
03-23 15:05:31.593  1362  1362 I MWN     : write the value:0 to node successfully.
03-23 15:05:34.390  1362  1362 I MWN     : onSignalStrengthsChanged...
03-23 15:05:34.391  1362  1362 I MWN     : network type = 0
03-23 15:05:34.394  1362  1362 I MWN     : mobile type = 13
03-23 15:05:34.394  1362  1362 I MWN     : Write 0 to node. type=4G mSimExist=true mFlightMode=false
03-23 15:05:34.396  1362  1362 I MWN     : write the value:0 to node successfully.
03-23 15:05:37.227  1362  1362 I MWN     : onSignalStrengthsChanged...
03-23 15:05:37.229  1362  1362 I MWN     : network type = 0
03-23 15:05:37.232  1362  1362 I MWN     : mobile type = 13
03-23 15:05:37.232  1362  1362 I MWN     : Write 0 to node. type=4G mSimExist=true mFlightMode=false
03-23 15:05:37.233  1362  1362 I MWN     : write the value:0 to node successfully.
03-23 15:05:39.310  1362  1763 D ResMonitor2Proxy: foreground mem gap 22271Kb
03-23 15:05:39.310  1362  1763 D Griffin/AdjClean: item=1
03-23 15:05:39.310  1362  1407 D Griffin/CleanManager: dispatch clean index=9
03-23 15:05:39.311  1362  1407 D Griffin/AdjClean: clean code: foreground(1) begin:
03-23 15:05:39.312  1362  1407 D Griffin/AdjClean: clean code:foreground(1) finish: coast 1ms
03-23 15:05:39.990  1362  1362 I MWN     : onSignalStrengthsChanged...
03-23 15:05:39.992  1362  1362 I MWN     : network type = 0
03-23 15:05:39.994  1362  1362 I MWN     : mobile type = 13
03-23 15:05:39.994  1362  1362 I MWN     : Write 0 to node. type=4G mSimExist=true mFlightMode=false
03-23 15:05:39.995  1362  1362 I MWN     : write the value:0 to node successfully.
03-23 15:05:42.808  1362  1362 I MWN     : onSignalStrengthsChanged...
03-23 15:05:42.810  1362  1362 I MWN     : network type = 0
03-23 15:05:42.813  1362  1362 I MWN     : mobile type = 13
03-23 15:05:42.814  1362  1362 I MWN     : Write 0 to node. type=4G mSimExist=true mFlightMode=false
03-23 15:05:42.815  1362  1362 I MWN     : write the value:0 to node successfully.
03-23 15:05:44.866  1362  1454 W AppOps  : Noting op not finished: uid 10119 pkg com.google.android.gms code 79 startTime of in progress event=1711202026332
03-23 15:05:44.875  1362  1454 W AppOps  : Noting op not finished: uid 10119 pkg com.google.android.gms code 79 startTime of in progress event=1711202026332
03-23 15:05:45.650  1362  1362 I MWN     : onSignalStrengthsChanged...
03-23 15:05:45.651  1362  1362 I MWN     : network type = 0
03-23 15:05:45.653  1362  1362 I MWN     : mobile type = 13
03-23 15:05:45.653  1362  1362 I MWN     : Write 0 to node. type=4G mSimExist=true mFlightMode=false
03-23 15:05:45.655  1362  1362 I MWN     : write the value:0 to node successfully.
03-23 15:05:48.408  1362  1362 I MWN     : onSignalStrengthsChanged...
03-23 15:05:48.409  1362  1362 I MWN     : network type = 0
03-23 15:05:48.413  1362  1362 I MWN     : mobile type = 13
03-23 15:05:48.414  1362  1362 I MWN     : Write 0 to node. type=4G mSimExist=true mFlightMode=false
03-23 15:05:48.415  1362  1362 I MWN     : write the value:0 to node successfully.
03-23 15:05:51.250  1362  1362 I MWN     : onSignalStrengthsChanged...
03-23 15:05:51.251  1362  1362 I MWN     : network type = 0
03-23 15:05:51.253  1362  1362 I MWN     : mobile type = 13
03-23 15:05:51.254  1362  1362 I MWN     : Write 0 to node. type=4G mSimExist=true mFlightMode=false
03-23 15:05:51.255  1362  1362 I MWN     : write the value:0 to node successfully.
03-23 15:05:54.009  1362  1362 I MWN     : onSignalStrengthsChanged...
03-23 15:05:54.010  1362  1362 I MWN     : network type = 0
03-23 15:05:54.013  1362  1362 I MWN     : mobile type = 13
03-23 15:05:54.013  1362  1362 I MWN     : Write 0 to node. type=4G mSimExist=true mFlightMode=false
03-23 15:05:54.014  1362  1362 I MWN     : write the value:0 to node successfully.
03-23 15:05:56.908  1362  1362 I MWN     : onSignalStrengthsChanged...
03-23 15:05:56.909  1362  1362 I MWN     : network type = 0
03-23 15:05:56.911  1362  1362 I MWN     : mobile type = 13
03-23 15:05:56.911  1362  1362 I MWN     : Write 0 to node. type=4G mSimExist=true mFlightMode=false
03-23 15:05:56.912  1362  1362 I MWN     : write the value:0 to node successfully.
03-23 15:05:59.709  1362  1362 I MWN     : onSignalStrengthsChanged...
03-23 15:05:59.711  1362  1362 I MWN     : network type = 0
03-23 15:05:59.714  1362  1362 I MWN     : mobile type = 13
03-23 15:05:59.714  1362  1362 I MWN     : Write 0 to node. type=4G mSimExist=true mFlightMode=false
03-23 15:05:59.715  1362  1362 I MWN     : write the value:0 to node successfully.
03-23 15:06:02.550  1362  1362 I MWN     : onSignalStrengthsChanged...
03-23 15:06:02.552  1362  1362 I MWN     : network type = 0
03-23 15:06:02.555  1362  1362 I MWN     : mobile type = 13
03-23 15:06:02.555  1362  1362 I MWN     : Write 0 to node. type=4G mSimExist=true mFlightMode=false
03-23 15:06:02.556  1362  1362 I MWN     : write the value:0 to node successfully.
03-23 15:06:05.309  1362  1362 I MWN     : onSignalStrengthsChanged...
03-23 15:06:05.310  1362  1362 I MWN     : network type = 0
03-23 15:06:05.313  1362  1362 I MWN     : mobile type = 13
03-23 15:06:05.314  1362  1362 I MWN     : Write 0 to node. type=4G mSimExist=true mFlightMode=false
03-23 15:06:05.315  1362  1362 I MWN     : write the value:0 to node successfully.
03-23 15:06:08.150  1362  1362 I MWN     : onSignalStrengthsChanged...
03-23 15:06:08.151  1362  1362 I MWN     : network type = 0
03-23 15:06:08.154  1362  1362 I MWN     : mobile type = 13
03-23 15:06:08.154  1362  1362 I MWN     : Write 0 to node. type=4G mSimExist=true mFlightMode=false
03-23 15:06:08.155  1362  1362 I MWN     : write the value:0 to node successfully.
03-23 15:06:11.010  1362  1362 I MWN     : onSignalStrengthsChanged...
03-23 15:06:11.011  1362  1362 I MWN     : network type = 0
03-23 15:06:11.013  1362  1362 I MWN     : mobile type = 13
03-23 15:06:11.014  1362  1362 I MWN     : Write 0 to node. type=4G mSimExist=true mFlightMode=false
03-23 15:06:11.015  1362  1362 I MWN     : write the value:0 to node successfully.
03-23 15:06:13.850  1362  1362 I MWN     : onSignalStrengthsChanged...
03-23 15:06:13.851  1362  1362 I MWN     : network type = 0
03-23 15:06:13.854  1362  1362 I MWN     : mobile type = 13
03-23 15:06:13.854  1362  1362 I MWN     : Write 0 to node. type=4G mSimExist=true mFlightMode=false
03-23 15:06:13.855  1362  1362 I MWN     : write the value:0 to node successfully.
03-23 15:06:16.728  1362  1362 I MWN     : onSignalStrengthsChanged...
03-23 15:06:16.730  1362  1362 I MWN     : network type = 0
03-23 15:06:16.732  1362  1362 I MWN     : mobile type = 13
03-23 15:06:16.732  1362  1362 I MWN     : Write 0 to node. type=4G mSimExist=true mFlightMode=false
03-23 15:06:16.733  1362  1362 I MWN     : write the value:0 to node successfully.
03-23 15:06:19.489  1362  1362 I MWN     : onSignalStrengthsChanged...
03-23 15:06:19.490  1362  1362 I MWN     : network type = 0
03-23 15:06:19.492  1362  1362 I MWN     : mobile type = 13
03-23 15:06:19.492  1362  1362 I MWN     : Write 0 to node. type=4G mSimExist=true mFlightMode=false
03-23 15:06:19.493  1362  1362 I MWN     : write the value:0 to node successfully.
03-23 15:06:22.409  1362  1362 I MWN     : onSignalStrengthsChanged...
03-23 15:06:22.410  1362  1362 I MWN     : network type = 0
03-23 15:06:22.413  1362  1362 I MWN     : mobile type = 13
03-23 15:06:22.413  1362  1362 I MWN     : Write 0 to node. type=4G mSimExist=true mFlightMode=false
03-23 15:06:22.414  1362  1362 I MWN     : write the value:0 to node successfully.
03-23 15:06:25.154  1362  1763 D Griffin/ResourceTracker: Cat meminfo coast time: 12ms
03-23 15:06:25.186  1362  1393 W ActivityManager: Stopping service due to app idle: u0a352 -1m28s364ms com.whatsapp.w4b/com.whatsapp.messaging.MessageService
03-23 15:06:25.328  1362  1362 I MWN     : onSignalStrengthsChanged...
03-23 15:06:25.330  1362  1362 I MWN     : network type = 0
03-23 15:06:25.333  1362  1362 I MWN     : mobile type = 13
03-23 15:06:25.333  1362  1362 I MWN     : Write 0 to node. type=4G mSimExist=true mFlightMode=false
03-23 15:06:25.334  1362  1362 I MWN     : write the value:0 to node successfully.
03-23 15:06:27.351  1362  1804 W ActivityManager: Background start not allowed: service Intent { cmp=com.google.android.apps.messaging/.shared.datamodel.action.execution.ActionExecutorImpl$EmptyService (has extras) } to com.google.android.apps.messaging/.shared.datamodel.action.execution.ActionExecutorImpl$EmptyService from pid=15606 uid=10144 pkg=com.google.android.apps.messaging startFg?=false
03-23 15:06:27.363  1362  1804 W ActivityManager: Background start not allowed: service Intent { cmp=com.google.android.apps.messaging/.shared.datamodel.action.execution.ActionExecutorImpl$EmptyService (has extras) } to com.google.android.apps.messaging/.shared.datamodel.action.execution.ActionExecutorImpl$EmptyService from pid=15606 uid=10144 pkg=com.google.android.apps.messaging startFg?=false
03-23 15:06:27.706  1362  3781 I ActivityManager: Killing 17056:com.google.android.cellbroadcastreceiver/u0a204 (adj 985): empty #17
03-23 15:06:27.747  1362  1804 V ActivityManager: Death received in com.android.server.am.ActivityManagerService$AppDeathRecipient@2b383e0 for thread android.os.BinderProxy@7dd9699
03-23 15:06:27.748  1362  1804 D os.ActivityManagerServiceLice: make process inactive com.google.android.cellbroadcastreceiver(17056)
03-23 15:06:28.241  1362  1362 I MWN     : onSignalStrengthsChanged...
03-23 15:06:28.242  1362  1362 I MWN     : network type = 0
03-23 15:06:28.243  1362  1362 I MWN     : mobile type = 13
03-23 15:06:28.243  1362  1362 I MWN     : Write 0 to node. type=4G mSimExist=true mFlightMode=false
03-23 15:06:28.243  1362  1362 I MWN     : write the value:0 to node successfully.
03-23 15:06:31.122  1362  1362 I MWN     : onSignalStrengthsChanged...
03-23 15:06:31.123  1362  1362 I MWN     : network type = 0
03-23 15:06:31.124  1362  1362 I MWN     : mobile type = 13
03-23 15:06:31.124  1362  1362 I MWN     : Write 0 to node. type=4G mSimExist=true mFlightMode=false
03-23 15:06:31.125  1362  1362 I MWN     : write the value:0 to node successfully.
03-23 15:06:34.039  1362  1362 I MWN     : onSignalStrengthsChanged...
03-23 15:06:34.040  1362  1362 I MWN     : network type = 0
03-23 15:06:34.041  1362  1362 I MWN     : mobile type = 13
03-23 15:06:34.041  1362  1362 I MWN     : Write 0 to node. type=4G mSimExist=true mFlightMode=false
03-23 15:06:34.042  1362  1362 I MWN     : write the value:0 to node successfully.
03-23 15:06:36.920  1362  1362 I MWN     : onSignalStrengthsChanged...
03-23 15:06:36.922  1362  1362 I MWN     : network type = 0
03-23 15:06:36.924  1362  1362 I MWN     : mobile type = 13
03-23 15:06:36.924  1362  1362 I MWN     : Write 0 to node. type=4G mSimExist=true mFlightMode=false
03-23 15:06:36.925  1362  1362 I MWN     : write the value:0 to node successfully.
03-23 15:06:39.888  1362  1362 I MWN     : onSignalStrengthsChanged...
03-23 15:06:39.889  1362  1362 I MWN     : network type = 0
03-23 15:06:39.892  1362  1362 I MWN     : mobile type = 13
03-23 15:06:39.892  1362  1362 I MWN     : Write 0 to node. type=4G mSimExist=true mFlightMode=false
03-23 15:06:39.893  1362  1362 I MWN     : write the value:0 to node successfully.
03-23 15:06:41.936  1362  1763 D ResMonitor2Proxy: foreground mem gap 23900Kb
03-23 15:06:41.936  1362  1763 D Griffin/AdjClean: item=1
03-23 15:06:41.936  1362  1407 D Griffin/CleanManager: dispatch clean index=9
03-23 15:06:41.937  1362  1407 D Griffin/AdjClean: clean code: foreground(1) begin:
03-23 15:06:41.938  1362  1407 D Griffin/AdjClean: clean code:foreground(1) finish: coast 1ms
03-23 15:06:42.670  1362  1362 I MWN     : onSignalStrengthsChanged...
03-23 15:06:42.671  1362  1362 I MWN     : network type = 0
03-23 15:06:42.673  1362  1362 I MWN     : mobile type = 13
03-23 15:06:42.673  1362  1362 I MWN     : Write 0 to node. type=4G mSimExist=true mFlightMode=false
03-23 15:06:42.674  1362  1362 I MWN     : write the value:0 to node successfully.
03-23 15:06:45.271  1362  1362 I MWN     : onSignalStrengthsChanged...
03-23 15:06:45.272  1362  1362 I MWN     : network type = 0
03-23 15:06:45.274  1362  1362 I MWN     : mobile type = 13
03-23 15:06:45.275  1362  1362 I MWN     : Write 0 to node. type=4G mSimExist=true mFlightMode=false
03-23 15:06:45.276  1362  1362 I MWN     : write the value:0 to node successfully.
03-23 15:06:47.949  1362  1362 I MWN     : onSignalStrengthsChanged...
03-23 15:06:47.951  1362  1362 I MWN     : network type = 0
03-23 15:06:47.954  1362  1362 I MWN     : mobile type = 13
03-23 15:06:47.954  1362  1362 I MWN     : Write 0 to node. type=4G mSimExist=true mFlightMode=false
03-23 15:06:47.955  1362  1362 I MWN     : write the value:0 to node successfully.
03-23 15:06:50.669  1362  1362 I MWN     : onSignalStrengthsChanged...
03-23 15:06:50.670  1362  1362 I MWN     : network type = 0
03-23 15:06:50.672  1362  1362 I MWN     : mobile type = 13
03-23 15:06:50.672  1362  1362 I MWN     : Write 0 to node. type=4G mSimExist=true mFlightMode=false
03-23 15:06:50.673  1362  1362 I MWN     : write the value:0 to node successfully.
03-23 15:06:53.429  1362  1362 I MWN     : onSignalStrengthsChanged...
03-23 15:06:53.431  1362  1362 I MWN     : network type = 0
03-23 15:06:53.436  1362  1362 I MWN     : mobile type = 13
03-23 15:06:53.436  1362  1362 I MWN     : Write 0 to node. type=4G mSimExist=true mFlightMode=false
03-23 15:06:53.437  1362  1362 I MWN     : write the value:0 to node successfully.
03-23 15:06:56.369  1362  1362 I MWN     : onSignalStrengthsChanged...
03-23 15:06:56.370  1362  1362 I MWN     : network type = 0
03-23 15:06:56.373  1362  1362 I MWN     : mobile type = 13
03-23 15:06:56.373  1362  1362 I MWN     : Write 0 to node. type=4G mSimExist=true mFlightMode=false
03-23 15:06:56.374  1362  1362 I MWN     : write the value:0 to node successfully.
03-23 15:06:59.290  1362  1362 I MWN     : onSignalStrengthsChanged...
03-23 15:06:59.291  1362  1362 I MWN     : network type = 0
03-23 15:06:59.293  1362  1362 I MWN     : mobile type = 13
03-23 15:06:59.293  1362  1362 I MWN     : Write 0 to node. type=4G mSimExist=true mFlightMode=false
03-23 15:06:59.295  1362  1362 I MWN     : write the value:0 to node successfully.
03-23 15:07:00.718  1362  1389 D DexOptExtImpl: try dex2oat for com.tasawallet result=0 cnt = 3
03-23 15:07:02.210  1362  1362 I MWN     : onSignalStrengthsChanged...
03-23 15:07:02.212  1362  1362 I MWN     : network type = 0
03-23 15:07:02.214  1362  1362 I MWN     : mobile type = 13
03-23 15:07:02.215  1362  1362 I MWN     : Write 0 to node. type=4G mSimExist=true mFlightMode=false
03-23 15:07:02.216  1362  1362 I MWN     : write the value:0 to node successfully.
03-23 15:07:05.158  1362  1362 I MWN     : onSignalStrengthsChanged...
03-23 15:07:05.159  1362  1362 I MWN     : network type = 0
03-23 15:07:05.160  1362  1362 I MWN     : mobile type = 13
03-23 15:07:05.160  1362  1362 I MWN     : Write 0 to node. type=4G mSimExist=true mFlightMode=false
03-23 15:07:05.161  1362  1362 I MWN     : write the value:0 to node successfully.
03-23 15:07:08.083  1362  1362 I MWN     : onSignalStrengthsChanged...
03-23 15:07:08.084  1362  1362 I MWN     : network type = 0
03-23 15:07:08.086  1362  1362 I MWN     : mobile type = 13
03-23 15:07:08.086  1362  1362 I MWN     : Write 0 to node. type=4G mSimExist=true mFlightMode=false
03-23 15:07:08.087  1362  1362 I MWN     : write the value:0 to node successfully.
03-23 15:07:08.588  1362  1420 D DisplayPowerController: animateScreenBrightness: target=0.05, rate=1.0    mShouldUpdateBrightnessSettingLater=false
03-23 15:07:08.590  1362  1420 V DisplayPowerController: Brightness [0.05] reason changing to: 'manual [ dim ]', previous reason: 'manual'.
03-23 15:07:10.608  1362  1362 I MWN     : onSignalStrengthsChanged...
03-23 15:07:10.609  1362  1362 I MWN     : network type = 0
03-23 15:07:10.611  1362  1362 I MWN     : mobile type = 13
03-23 15:07:10.611  1362  1362 I MWN     : Write 0 to node. type=4G mSimExist=true mFlightMode=false
03-23 15:07:10.612  1362  1362 I MWN     : write the value:0 to node successfully.
03-23 15:07:13.526  1362  1362 I MWN     : onSignalStrengthsChanged...
03-23 15:07:13.527  1362  1362 I MWN     : network type = 0
03-23 15:07:13.529  1362  1362 I MWN     : mobile type = 13
03-23 15:07:13.529  1362  1362 I MWN     : Write 0 to node. type=4G mSimExist=true mFlightMode=false
03-23 15:07:13.530  1362  1362 I MWN     : write the value:0 to node successfully.
03-23 15:07:15.586  1362  1420 I PowerManagerService: Going to sleep due to timeout (uid 1000)...
03-23 15:07:15.588  1362  1362 D AppLockLice: onWakefulnessChanged:false
03-23 15:07:15.590  1362  1362 D AppLockLice: onWakefulnessChanged:[com.transsion.hilauncher]
03-23 15:07:15.593  1362  1420 I PowerManagerService: Sleeping (uid 1000)...
03-23 15:07:15.596  1362  1362 D KeyguardMonitor: Clear notifying packages when going to sleep
03-23 15:07:15.601  1362  1392 D CompatibilityChangeReporter: Compat change id reported: 135634846; UID 10156; state: DISABLED
03-23 15:07:15.602  1362  1392 D CompatibilityChangeReporter: Compat change id reported: 135754954; UID 10156; state: ENABLED
03-23 15:07:15.603  1362  3781 D LockSettingsService: getCredentialTypeInternal rawType: 3
03-23 15:07:15.603  1362  1394 D CompatibilityChangeReporter: Compat change id reported: 143937733; UID 10156; state: ENABLED
03-23 15:07:15.614  1362  3180 D LockSettingsService: getCredentialTypeInternal rawType: 3
03-23 15:07:15.616  1362  1362 D LockSettingsService: getCredentialTypeInternal rawType: 3
03-23 15:07:15.617  1362  1362 D LockSettingsService: getCredentialTypeInternal rawType: 3
03-23 15:07:15.621  1362  3180 D LockSettingsService: getCredentialTypeInternal rawType: 3
03-23 15:07:15.624  1362  1394 I ActivityManager: Start proc 19860:com.transsion.applock/u0a156 for content provider {com.transsion.applock/com.transsion.applock.model.AppLockProvider}
03-23 15:07:15.629  1362  1362 V FingerprintService: startAuthentication(com.android.systemui)
03-23 15:07:15.629  1362  1362 V FingerprintService: request stop current client android
03-23 15:07:15.651  1362  1362 W FingerprintService: client android is no longer authenticating
03-23 15:07:15.651  1362  1362 V FingerprintService: handleError(client=android, error = 5)
03-23 15:07:15.652  1362  1362 V BiometricStats: Error latency: -1
03-23 15:07:15.652  1362  1362 W BiometricStats: found a negative latency : -1
03-23 15:07:15.652  1362  1362 V FingerprintService: Done with client: android
03-23 15:07:15.652  1362  1362 V FingerprintService: start pending client com.android.systemui
03-23 15:07:15.652  1362  1362 V FingerprintService: starting client AuthenticationClientImpl(com.android.systemui) targetUserId: 0 currentUserId: 0 cookie: 0/0
03-23 15:07:15.655  1362  3180 V ActivityManager: New death recipient com.android.server.am.ActivityManagerService$AppDeathRecipient@450d7e9 for thread android.os.BinderProxy@f6b1c6e
03-23 15:07:15.658  1362  3180 D os.ActivityManagerServiceLice: make process active com.transsion.applock(19860)
03-23 15:07:15.671  1362  1420 V DisplayPowerController: Brightness [1.0] reason changing to: 'manual', previous reason: 'manual [ dim ]'.
03-23 15:07:15.682  1362  1362 W FingerprintService: client com.android.systemui is authenticating...
03-23 15:07:15.683  1362  1362 D FingerprintUtils: onAuthenticationError
03-23 15:07:15.683  1362  1362 V FingerprintService: cancelAuthentication(android)
03-23 15:07:15.683  1362  1362 V FingerprintService: Can't stop client com.android.systemui since tokens don't match. fromClient: true
03-23 15:07:15.748  1362  1420 I DisplayPowerController: Blocking screen off
03-23 15:07:15.749  1362  1420 I DisplayPowerController: Unblocked screen off after 1 ms
03-23 15:07:15.750  1362  1383 D LockSettingsService: getCredentialTypeInternal rawType: 3
03-23 15:07:15.792  1362  1420 D ActivityTaskManager: Top Process State changed to PROCESS_STATE_TOP_SLEEPING
03-23 15:07:15.802  1362  3781 D LockSettingsService: getCredentialTypeInternal rawType: 3
03-23 15:07:15.804 19860 19886 D AppTurboFactory: AppTurboFactory new
03-23 15:07:15.806  1362  3180 D LockSettingsService: getCredentialTypeInternal rawType: 3
03-23 15:07:15.807  1362  3180 D LockSettingsService: getCredentialTypeInternal rawType: 3
03-23 15:07:15.808 19860 19886 D AppTurboService: mTidEnabled false
03-23 15:07:15.809  1362  1383 W WindowManager: Changing focus fromWindow{7bc68e4 u0 com.transsion.hilauncher/com.android.quickstep.recents_ui_overrides.src.com.android.launcher3.uioverrides.QuickstepLauncher} to null displayId=0 Callers=com.android.server.wm.RootWindowContainer.updateFocusedWindowLocked:531 com.android.server.wm.WindowManagerService.updateFocusedWindowLocked:5921 com.android.server.wm.ActivityRecord.commitVisibility:4515 com.android.server.wm.ActivityRecord.setVisibility:4429 
03-23 15:07:15.809  1362  3193 D LockSettingsService: getCredentialTypeInternal rawType: 3
03-23 15:07:15.816  1362  1420 D CompatibilityChangeReporter: Compat change id reported: 135634846; UID 1000; state: DISABLED
03-23 15:07:15.817  1362  1420 D CompatibilityChangeReporter: Compat change id reported: 135754954; UID 1000; state: ENABLED
03-23 15:07:15.819  1362  1420 D WindowOrientationListener: WindowOrientationListener disabled
03-23 15:07:15.826  1362  1420 V DisplayPowerController: Brightness [-1.0] reason changing to: 'screen_off', previous reason: 'manual'.
03-23 15:07:15.841  1362  1383 I DisplayManagerService: Display device changed state: "cran intgr", OFF
03-23 15:07:15.842  1362  1394 I ActivityManager: Start proc 19895:com.transsion.keyguardgesture/1000 for service {com.transsion.microintelligence/com.transsion.keyguardgesture.service.KeyguardGestureService}
03-23 15:07:15.845  1362  1392 V SettingsProvider: packageValueForCallResult, name = sqlite_compatibility_wal_flags, value : Bundle[{_track_generation=android.util.MemoryIntArray@a6, value=, _generation_index=0, _generation=172}]
03-23 15:07:15.853  1362  3781 E PackageDexUsage: Unsupported context?
03-23 15:07:15.866  1362  3180 V ActivityManager: New death recipient com.android.server.am.ActivityManagerService$AppDeathRecipient@fc20e56 for thread android.os.BinderProxy@2827ed7
03-23 15:07:15.883  1362  3180 D os.ActivityManagerServiceLice: make process active com.transsion.keyguardgesture(19895)
03-23 15:07:15.895  1362  3292 V SettingsProvider: packageValueForCallResult, name = user_experience, value : Bundle[{_track_generation=android.util.MemoryIntArray@a6, value=1, _generation_index=3, _generation=547}]
03-23 15:07:15.899  1362  3180 D os.permission.PermissionInfo: checkPermission 10171:com.transsion.applock.permission.READ_APP_LOCK:true
03-23 15:07:15.899  1362  3180 I os.permission: Grant permission: com.transsion.applock.permission.READ_APP_LOCK to uid: 10171
03-23 15:07:15.902  1362  3292 D os.permission.PermissionInfo: checkPermission 10171:com.transsion.applock.permission.READ_APP_LOCK:true
03-23 15:07:15.902  1362  3292 I os.permission: Grant permission: com.transsion.applock.permission.READ_APP_LOCK to uid: 10171
03-23 15:07:15.979  1362  3191 D CompatibilityChangeReporter: Compat change id reported: 136219221; UID 1000; state: ENABLED
03-23 15:07:15.997  1362  1804 V SettingsProvider: packageValueForCallResult, name = device_provisioned, value : Bundle[{_track_generation=android.util.MemoryIntArray@a6, value=1, _generation_index=0, _generation=172}]
03-23 15:07:15.999  1362  1804 V SettingsProvider: packageValueForCallResult, name = show_inadvertent, value : Bundle[{_track_generation=android.util.MemoryIntArray@a6, value=1, _generation_index=3, _generation=547}]
03-23 15:07:16.013 19895 19895 D AppTurboFactory: AppTurboFactory new
03-23 15:07:16.014 19895 19895 D AppTurboService: mTidEnabled false
03-23 15:07:16.063  1768  1862 D OsPrivacyNotifyManager: onActiveStateChanged ENABLE true code != OP_RECORD_AUDIO true
03-23 15:07:16.072  1362  1393 D CompatibilityChangeReporter: Compat change id reported: 135634846; UID 10204; state: DISABLED
03-23 15:07:16.072  1362  1393 D CompatibilityChangeReporter: Compat change id reported: 135754954; UID 10204; state: ENABLED
03-23 15:07:16.072  1362  1394 D CompatibilityChangeReporter: Compat change id reported: 143937733; UID 10204; state: ENABLED
03-23 15:07:16.078  1362  1362 D WindowManager: setEnableTSensor isEnable:false, mTSensor:{Sensor name="TILT_DETECTOR", vendor="MTK", version=1, type=22, maxRange=1.0, resolution=1.0, power=0.001, minDelay=0}
03-23 15:07:16.081  1362  1362 V AlarmManager: ACTION_SCREEN_OFF 1711202836081
03-23 15:07:16.093  1362  1394 I ActivityManager: Start proc 19931:com.google.android.cellbroadcastreceiver/u0a204 for broadcast {com.google.android.cellbroadcastreceiver/com.android.cellbroadcastreceiver.CellBroadcastReceiver}
03-23 15:07:16.113  1362  3191 V ActivityManager: New death recipient com.android.server.am.ActivityManagerService$AppDeathRecipient@adc18a2 for thread android.os.BinderProxy@e840933
03-23 15:07:16.116  1362  3191 D os.ActivityManagerServiceLice: make process active com.google.android.cellbroadcastreceiver(19931)
03-23 15:07:16.120  1362  1362 D Griffin/StateProvider: screen state changed:off
03-23 15:07:16.121  1362  1362 D Griffin/PMReceiver: receive action:android.intent.action.SCREEN_OFF
03-23 15:07:16.192  1362  1804 V SettingsProvider: packageValueForCallResult, name = sqlite_compatibility_wal_flags, value : Bundle[{_track_generation=android.util.MemoryIntArray@a6, value=, _generation_index=0, _generation=172}]
03-23 15:07:16.208  1768  1862 D OsPrivacyNotifyManager: onActiveStateChanged ENABLE true code != OP_RECORD_AUDIO true
03-23 15:07:16.278  1362  3193 D LockSettingsService: getCredentialTypeInternal rawType: 3
03-23 15:07:16.395  1362  3180 D MtkConnectivityService: Returning BLOCKED NetworkInfo to uid=10173
03-23 15:07:20.589  1362  1390 W ActivityManager: Invalid packageName: com.openrate.goodmorni
03-23 15:07:20.614  1362  3191 D LockSettingsService: getCredentialTypeInternal rawType: 3
03-23 15:07:20.621  1362  3180 D LockSettingsService: getCredentialTypeInternal rawType: 3
03-23 15:07:20.627  1362  1362 D LockSettingsService: getCredentialTypeInternal rawType: 3
03-23 15:07:20.631  1362  1804 D ActivityTaskManager: setKeyguardShown: keyguardShowing = true, aodShowing = false
03-23 15:07:20.632  1362  1804 I ActivityTaskManager: setKeyguardGoingAway keyguardGoingAway = false
03-23 15:07:20.635  1362  3180 D LockSettingsService: getCredentialTypeInternal rawType: 3
03-23 15:07:20.636  1362  1383 D LockSettingsService: getCredentialTypeInternal rawType: 3
03-23 15:07:20.637  1362  1380 I UsbDeviceManager: Setting USB config to 
03-23 15:07:20.637  1362  1380 D UsbDeviceManager: setUsbConfig(1) request:50
03-23 15:07:20.638  1362  1383 D LockSettingsService: getCredentialTypeInternal rawType: 3
03-23 15:07:20.639  1362  1804 D LockSettingsService: getCredentialTypeInternal rawType: 3
03-23 15:07:20.652  1362  1804 I chatty  : uid=1000(system) Binder:1362_5 identical 2 lines
03-23 15:07:20.680  1362  1804 D LockSettingsService: getCredentialTypeInternal rawType: 3
03-23 15:07:20.692  1362  2368 W AdbDebuggingManager: Read failed with count -1
03-23 15:07:20.693  1362  2368 E AdbDebuggingManager: Caught an exception opening the socket: java.io.IOException: Connection refused
03-23 15:07:20.701  1362  1804 D LockSettingsService: getCredentialTypeInternal rawType: 3
03-23 15:07:20.705  1362  1804 I chatty  : uid=1000(system) Binder:1362_5 identical 1 line
03-23 15:07:20.743  1362  1804 D LockSettingsService: getCredentialTypeInternal rawType: 3
03-23 15:07:20.793  1362  1383 W ActivityTaskManager: Sleep timeout!  Sleeping now.
03-23 15:07:20.803  1362  1804 D LockSettingsService: getCredentialTypeInternal rawType: 3
