03-23 15:04:27.555  1362  2076 I Telecom-Common: isInEmergencyCall: false: TSI.iIEC@GWY
03-23 15:04:27.558  1362  2076 I Telecom-Common: isInEmergencyCall: false: TSI.iIEC@GWc
03-23 15:04:27.560  1362  2076 I Telecom-Common: isInEmergencyCall: false: TSI.iIEC@GWg
03-23 15:04:27.563  1362  2076 I Telecom-Common: isInEmergencyCall: false: TSI.iIEC@GWk
03-23 15:04:27.564  1362  1805 I Telecom-Common: isInEmergencyCall: false: TSI.iIEC@GWo
03-23 15:04:27.572  1362  1393 W BroadcastQueue: Background execution not allowed: receiving Intent { act=android.net.wifi.WIFI_AP_STATE_CHANGED flg=0x4000010 (has extras) } to com.google.android.gms/.chimera.GmsIntentOperationService$PersistentTrustedReceiver
03-23 15:04:27.594  1362  1393 W BroadcastQueue: Background execution not allowed: receiving Intent { act=android.net.wifi.WIFI_AP_STATE_CHANGED flg=0x4000010 (has extras) } to com.google.android.gms/.chimera.GmsIntentOperationService$PersistentTrustedReceiver
03-23 15:04:27.954  1362  1362 I MWN     : onServiceStateChanged...
03-23 15:04:27.955  1362  1362 I MWN     : network type was unavailable.
03-23 15:04:27.955  1362  1362 I MWN     : Write 3 to node. type=unknown mSimExist=true mFlightMode=false
03-23 15:04:27.956  1362  1362 I MWN     : write the value:3 to node successfully.
03-23 15:04:27.973  1362  1362 I Telecom-CallLogManager: Country ISO changed. Retrieving new ISO...: CLM.oCD@GWs
03-23 15:04:28.306  1362  1670 W DnsManager: updatePrivateDns(105, PrivateDnsConfig{true:/[]})
03-23 15:04:28.307  1362  1670 D DnsManager: sendDnsConfigurationForNetwork(105, [197.149.136.168, 197.149.136.169], [], 1800, 25, 8, 64, 0, 0, , [197.149.136.168, 197.149.136.169])
03-23 15:04:28.326  1362  1670 D DnsManager: sendDnsConfigurationForNetwork(105, [197.149.136.168, 197.149.136.169], [], 1800, 25, 8, 64, 0, 0, , [197.149.136.168, 197.149.136.169])
03-23 15:04:28.397  1362  1362 I MWN     : onSignalStrengthsChanged...
03-23 15:04:28.400  1362  1362 I MWN     : network type = 0
03-23 15:04:28.408  1362  1362 I MWN     : mobile type = 13
03-23 15:04:28.408  1362  1362 I MWN     : Write 0 to node. type=4G mSimExist=true mFlightMode=false
03-23 15:04:28.408  1362  1362 I MWN     : write the value:0 to node successfully.
03-23 15:04:28.450  1362  1670 D MtkConnectivityService: Sending CONNECTED broadcast for type 0 [105 CELLULAR] isDefaultNetwork=true
03-23 15:04:28.522  1362  1362 D AlarmManager: mNetworkConnected = true
03-23 15:04:28.559  1362  1362 D CompatibilityChangeReporter: Compat change id reported: 135634846; UID 10175; state: DISABLED
03-23 15:04:28.559  1362  1362 D CompatibilityChangeReporter: Compat change id reported: 135754954; UID 10175; state: ENABLED
03-23 15:04:28.559  1362  1394 D CompatibilityChangeReporter: Compat change id reported: 143937733; UID 10175; state: ENABLED
03-23 15:04:28.647  1362  1394 W ActivityManager: Slow operation: 89ms so far, now at startProcess: returned from zygote!
03-23 15:04:28.647  1362  1394 W ActivityManager: Slow operation: 89ms so far, now at startProcess: done updating battery stats
03-23 15:04:28.648  1362  1394 W ActivityManager: Slow operation: 90ms so far, now at startProcess: building log message
03-23 15:04:28.648  1362  1394 I ActivityManager: Start proc 18966:com.transsion.phoenix:service/u0a175 for service {com.transsion.phoenix/com.cloudview.daemon.way.job.DaemonJobSchedulerService}
03-23 15:04:28.648  1362  1394 W ActivityManager: Slow operation: 90ms so far, now at startProcess: starting to update pids map
03-23 15:04:28.648  1362  1394 W ActivityManager: Slow operation: 90ms so far, now at startProcess: done updating pids map
03-23 15:04:28.681  1768  1862 D OsPrivacyNotifyManager: onActiveStateChanged ENABLE true code != OP_RECORD_AUDIO true
03-23 15:04:28.711  1362  1805 V ActivityManager: New death recipient com.android.server.am.ActivityManagerService$AppDeathRecipient@b8f0a1e for thread android.os.BinderProxy@230a2ff
03-23 15:04:28.780  1362  1805 W ActivityManager: Slow operation: 69ms so far, now at attachApplicationLocked: before bindApplication
03-23 15:04:28.780  1362  1805 W ActivityManager: Slow operation: 69ms so far, now at attachApplicationLocked: immediately before bindApplication
03-23 15:04:28.782  1362  1805 D os.ActivityManagerServiceLice: make process active com.transsion.phoenix:service(18966)
03-23 15:04:28.782  1362  1805 W ActivityManager: Slow operation: 71ms so far, now at attachApplicationLocked: immediately after bindApplication
03-23 15:04:28.782  1362  1805 W ActivityManager: Slow operation: 71ms so far, now at attachApplicationLocked: after updateLruProcessLocked
03-23 15:04:28.784  1362  2083 D MtkConnectivityService: Returning UNBLOCKED NetworkInfo to uid=10132
03-23 15:04:28.811  1362  1805 W ActivityManager: Slow operation: 100ms so far, now at attachApplicationLocked: after mServices.attachApplicationLocked
03-23 15:04:28.822  1362  1362 W Looper  : Slow dispatch took 117ms main h=com.android.server.job.JobSchedulerService$JobHandler c=null m=3
03-23 15:04:28.847  1362  3193 D CompatibilityChangeReporter: Compat change id reported: 135634846; UID 10172; state: DISABLED
03-23 15:04:28.847  1362  3193 D CompatibilityChangeReporter: Compat change id reported: 135754954; UID 10172; state: ENABLED
03-23 15:04:28.848  1362  1394 D CompatibilityChangeReporter: Compat change id reported: 143937733; UID 10172; state: ENABLED
03-23 15:04:28.882  1362  1394 I ActivityManager: Start proc 19023:com.transsion.calculator/u0a172 for service {com.transsion.calculator/com.transsion.calculator.CalculatorTileService}
03-23 15:04:28.910  1362  3179 V ActivityManager: New death recipient com.android.server.am.ActivityManagerService$AppDeathRecipient@190c69c for thread android.os.BinderProxy@fd048a5
03-23 15:04:28.915  1362  3179 D os.ActivityManagerServiceLice: make process active com.transsion.calculator(19023)
03-23 15:04:29.065  1362  3193 V SettingsProvider: packageValueForCallResult, name = time_12_24, value : Bundle[{_track_generation=android.util.MemoryIntArray@a6, value=null, _generation_index=3, _generation=547}]
03-23 15:04:29.084 19023 19057 D AppTurboFactory: AppTurboFactory new
03-23 15:04:29.087  1362  3193 D MtkConnectivityService: Returning UNBLOCKED NetworkInfo to uid=10172
03-23 15:04:29.088 19023 19057 D AppTurboService: mTidEnabled false
03-23 15:04:29.150  1362  4630 V SettingsProvider: packageValueForCallResult, name = user_experience, value : Bundle[{_track_generation=android.util.MemoryIntArray@a6, value=1, _generation_index=3, _generation=547}]
03-23 15:04:29.166 18966 19076 D AppTurboFactory: AppTurboFactory new
03-23 15:04:29.171 18966 19076 D AppTurboService: mTidEnabled false
03-23 15:04:29.291  1362  3781 V SettingsProvider: packageValueForCallResult, name = sqlite_compatibility_wal_flags, value : Bundle[{_track_generation=android.util.MemoryIntArray@a6, value=, _generation_index=0, _generation=171}]
03-23 15:04:29.367  1362  1375 E ClipboardService: Denying clipboard access to com.transsion.phoenix, application is not in focus nor is it a system service for user 0
03-23 15:04:29.373  1362  3290 V SettingsProvider: packageValueForCallResult, name = sqlite_compatibility_wal_flags, value : Bundle[{_track_generation=android.util.MemoryIntArray@a6, value=, _generation_index=0, _generation=171}]
03-23 15:04:29.424  1362  3781 D CompatibilityChangeReporter: Compat change id reported: 135634846; UID 10175; state: DISABLED
03-23 15:04:29.425  1362  3781 D CompatibilityChangeReporter: Compat change id reported: 135754954; UID 10175; state: ENABLED
03-23 15:04:29.426  1362  1394 D CompatibilityChangeReporter: Compat change id reported: 143937733; UID 10175; state: ENABLED
03-23 15:04:29.431  1362  3290 I Telecom-Common: isInEmergencyCall: false: TSI.iIEC@GXE
03-23 15:04:29.435  1362  3290 I Telecom-Common: isInEmergencyCall: false: TSI.iIEC@GXI
03-23 15:04:29.452  1362  3193 V SettingsProvider: packageValueForCallResult, name = android_id, value : Bundle[{_track_generation=android.util.MemoryIntArray@a6, value=6229b178b2ad9e5d, _generation_index=2, _generation=105}]
03-23 15:04:29.458  1362  1375 I Telecom-Common: isInEmergencyCall: false: TSI.iIEC@GXM
03-23 15:04:29.462  1362  3193 I Telecom-Common: isInEmergencyCall: false: TSI.iIEC@GXQ
03-23 15:04:29.469  1362  1394 I ActivityManager: Start proc 19124:com.transsion.phoenix/u0a175 for content provider {com.transsion.phoenix/com.cloudview.ipc.common.IPCMainProvider}
03-23 15:04:29.476  1362  3179 V ActivityManager: New death recipient com.android.server.am.ActivityManagerService$AppDeathRecipient@996156e for thread android.os.BinderProxy@82d40f
03-23 15:04:29.487  1362  3179 D os.ActivityManagerServiceLice: make process active com.transsion.phoenix(19124)
03-23 15:04:29.493  1362  1375 I Telecom-Common: isInEmergencyCall: false: TSI.iIEC@GXU
03-23 15:04:29.496  1362  1375 I Telecom-Common: isInEmergencyCall: false: TSI.iIEC@GXY
03-23 15:04:29.513  1362  4630 W ActivityManager: Background start not allowed: service Intent { cmp=com.transsion.phoenix/com.cloudview.daemon.way.service.DaemonServiceA } to com.transsion.phoenix/com.cloudview.daemon.way.service.DaemonServiceA from pid=18966 uid=10175 pkg=com.transsion.phoenix startFg?=false
03-23 15:04:29.583  1362  1670 D DnsManager: sendDnsConfigurationForNetwork(105, [197.149.136.168, 197.149.136.169], [], 1800, 25, 8, 64, 0, 0, , [197.149.136.168, 197.149.136.169])
03-23 15:04:29.655  1362  2076 V SettingsProvider: name : radio.data.stall.recovery.action appId : 1001 pid : 1960 pkg :com.android.phone
03-23 15:04:29.656  1362  2076 V SettingsProvider: Package name : com.android.phone privateFlags : -1940909976
03-23 15:04:29.710  1362  1362 W Looper  : Slow dispatch took 141ms main h=com.android.server.job.JobSchedulerService$JobHandler c=null m=3
03-23 15:04:29.739 19124 19162 D AppTurboFactory: AppTurboFactory new
03-23 15:04:29.754 19124 19162 D AppTurboService: mTidEnabled false
03-23 15:04:29.797  1362  3183 V SettingsProvider: packageValueForCallResult, name = sqlite_compatibility_wal_flags, value : Bundle[{_track_generation=android.util.MemoryIntArray@a6, value=, _generation_index=0, _generation=171}]
03-23 15:04:29.983  1362  4693 V SettingsProvider: packageValueForCallResult, name = android_id, value : Bundle[{_track_generation=android.util.MemoryIntArray@a6, value=6229b178b2ad9e5d, _generation_index=2, _generation=105}]
03-23 15:04:31.038  1362  1362 I MWN     : onSignalStrengthsChanged...
03-23 15:04:31.039  1362  1362 I MWN     : network type = 0
03-23 15:04:31.041  1362  1362 I MWN     : mobile type = 13
03-23 15:04:31.041  1362  1362 I MWN     : Write 0 to node. type=4G mSimExist=true mFlightMode=false
03-23 15:04:31.042  1362  1362 I MWN     : write the value:0 to node successfully.
03-23 15:04:31.960 18868 18868 I android.hardware.wifi@1.0-service-lazy: Process has 1 (of 1 available) client(s) in use after notification android.hardware.wifi@1.4::IWifi has clients: 1
03-23 15:04:33.502  1768  1862 D OsPrivacyNotifyManager: onActiveStateChanged ENABLE true code != OP_RECORD_AUDIO true
03-23 15:04:33.787  1362  3183 D CompatibilityChangeReporter: Compat change id reported: 135634846; UID 1000; state: DISABLED
03-23 15:04:33.788  1362  3183 D CompatibilityChangeReporter: Compat change id reported: 135754954; UID 1000; state: DISABLED
03-23 15:04:33.809  1362  1394 I ActivityManager: Start proc 19250:com.transsion.childmode/1000 for service {com.transsion.childmode/com.transsion.childmode.service.QsControlService}
03-23 15:04:33.840  1362  1362 I MWN     : onSignalStrengthsChanged...
03-23 15:04:33.840  1362  1362 I MWN     : network type = 0
03-23 15:04:33.842  1362  1362 I MWN     : mobile type = 13
03-23 15:04:33.842  1362  1362 I MWN     : Write 0 to node. type=4G mSimExist=true mFlightMode=false
03-23 15:04:33.842  1362  3183 V ActivityManager: New death recipient com.android.server.am.ActivityManagerService$AppDeathRecipient@22710dd for thread android.os.BinderProxy@9b3b452
03-23 15:04:33.843  1362  1362 I MWN     : write the value:0 to node successfully.
03-23 15:04:33.845  1362  3183 D os.ActivityManagerServiceLice: make process active com.transsion.childmode(19250)
03-23 15:04:33.952 19250 19272 D AppTurboFactory: AppTurboFactory new
03-23 15:04:33.955 19250 19272 D AppTurboService: mTidEnabled false
03-23 15:04:33.972  1362  2141 E PackageDexUsage: Unsupported context?
03-23 15:04:33.978  1362  3290 V SettingsProvider: packageValueForCallResult, name = sqlite_compatibility_wal_flags, value : Bundle[{_track_generation=android.util.MemoryIntArray@a6, value=, _generation_index=0, _generation=171}]
03-23 15:04:33.987  1362  4693 V SettingsProvider: packageValueForCallResult, name = android_id, value : Bundle[{_track_generation=android.util.MemoryIntArray@a6, value=7349e7affb1b35bc, _generation_index=2, _generation=105}]
03-23 15:04:34.002  1362  2141 V SettingsProvider: packageValueForCallResult, name = child_mode_open, value : Bundle[{_track_generation=android.util.MemoryIntArray@a6, value=0, _generation_index=3, _generation=547}]
03-23 15:04:34.015  1362  4693 I ActivityManager: Killing 16791:com.google.android.gm/u0a145 (adj 975): empty #17
03-23 15:04:34.125  1362  3781 V ActivityManager: Death received in com.android.server.am.ActivityManagerService$AppDeathRecipient@15bd9d8 for thread android.os.BinderProxy@58bc131
03-23 15:04:34.125  1362  3869 D MtkConnectivityService: ConnectivityService NetworkRequestInfo binderDied(NetworkRequest [ LISTEN id=555, [ Capabilities: INTERNET&NOT_RESTRICTED&TRUSTED Uid: 10145 AdministratorUids: [] RequestorUid: 10145 RequestorPackageName: com.google.android.gm] ], android.os.BinderProxy@ed11661)
03-23 15:04:34.125  1362  2076 D MtkConnectivityService: ConnectivityService NetworkRequestInfo binderDied(NetworkRequest [ TRACK_DEFAULT id=553, [ Capabilities: INTERNET&NOT_RESTRICTED&TRUSTED Uid: 10145 AdministratorUids: [] RequestorUid: 10145 RequestorPackageName: com.google.android.gm] ], android.os.BinderProxy@3de4586)
03-23 15:04:34.125  1362  3830 D MtkConnectivityService: ConnectivityService NetworkRequestInfo binderDied(NetworkRequest [ TRACK_DEFAULT id=554, [ Capabilities: INTERNET&NOT_RESTRICTED&TRUSTED Uid: 10145 AdministratorUids: [] RequestorUid: 10145 RequestorPackageName: com.google.android.gm] ], android.os.BinderProxy@a769e47)
03-23 15:04:34.126  1362  2141 D MtkConnectivityService: ConnectivityService NetworkRequestInfo binderDied(NetworkRequest [ TRACK_DEFAULT id=552, [ Capabilities: INTERNET&NOT_RESTRICTED&TRUSTED Uid: 10145 AdministratorUids: [] RequestorUid: 10145 RequestorPackageName: com.google.android.gm] ], android.os.BinderProxy@47750e5)
03-23 15:04:34.126  1362  3781 D os.ActivityManagerServiceLice: make process inactive com.google.android.gm(16791)
03-23 15:04:34.470 19250 19292 W ContextImpl: Calling a method in the system process without a qualified user: android.app.ContextImpl.bindService:1864 android.content.ContextWrapper.bindService:771 m.dk.d:111 m.cv.d:58 m.cm.c:176 
03-23 15:04:34.821  1768  1862 D OsPrivacyNotifyManager: onActiveStateChanged ENABLE true code != OP_RECORD_AUDIO true
03-23 15:04:34.902   886   886 I wificond: New station e4:b3:18:79:2f:ed connected to hotspot using interface ap0
03-23 15:04:34.902   886   886 I wificond: Sending notifications for station add event
03-23 15:04:36.327  1362  1763 D ResMonitor2Proxy: foreground mem gap 14448Kb
03-23 15:04:36.327  1362  1763 D Griffin/AdjClean: item=1
03-23 15:04:36.327  1362  1407 D Griffin/CleanManager: dispatch clean index=9
03-23 15:04:36.327  1362  1407 D Griffin/AdjClean: clean code: foreground(1) begin:
03-23 15:04:36.328  1362  1407 D Griffin/AdjClean: clean code:foreground(1) finish: coast 1ms
03-23 15:04:36.686  1362  1362 I MWN     : onSignalStrengthsChanged...
03-23 15:04:36.688  1362  1362 I MWN     : network type = 0
03-23 15:04:36.692  1362  1362 I MWN     : mobile type = 13
03-23 15:04:36.693  1362  1362 I MWN     : Write 0 to node. type=4G mSimExist=true mFlightMode=false
03-23 15:04:36.695  1362  1362 I MWN     : write the value:0 to node successfully.
03-23 15:04:38.868  1362  3830 V ActivityManager: Death received in com.android.server.am.ActivityManagerService$AppDeathRecipient@22710dd for thread android.os.BinderProxy@9b3b452
03-23 15:04:38.869  1362  3830 I ActivityManager: Process com.transsion.childmode (pid 19250) has died: fg  SVC 
03-23 15:04:38.870  1362  3830 D os.ActivityManagerServiceLice: make process inactive com.transsion.childmode(19250)
03-23 15:04:38.892  1362  3180 D LockSettingsService: getCredentialTypeInternal rawType: 3
03-23 15:04:38.919  1362  3180 I chatty  : uid=1000(system) Binder:1362_C identical 2 lines
03-23 15:04:38.921  1362  3180 D LockSettingsService: getCredentialTypeInternal rawType: 3
03-23 15:04:39.568  1362  1362 I MWN     : onSignalStrengthsChanged...
03-23 15:04:39.570  1362  1362 I MWN     : network type = 0
03-23 15:04:39.572  1362  1362 I MWN     : mobile type = 13
03-23 15:04:39.572  1362  1362 I MWN     : Write 0 to node. type=4G mSimExist=true mFlightMode=false
03-23 15:04:39.574  1362  1362 I MWN     : write the value:0 to node successfully.
03-23 15:04:39.722   886   886 I wificond: New station e4:ce:8f:20:d6:ac connected to hotspot using interface ap0
03-23 15:04:39.722   886   886 I wificond: Sending notifications for station add event
03-23 15:04:40.473  1768  1862 D OsPrivacyNotifyManager: onActiveStateChanged ENABLE true code != OP_RECORD_AUDIO true
03-23 15:04:42.488  1362  1362 I MWN     : onSignalStrengthsChanged...
03-23 15:04:42.490  1362  1362 I MWN     : network type = 0
03-23 15:04:42.493  1362  1362 I MWN     : mobile type = 13
03-23 15:04:42.493  1362  1362 I MWN     : Write 0 to node. type=4G mSimExist=true mFlightMode=false
03-23 15:04:42.494  1362  1362 I MWN     : write the value:0 to node successfully.
03-23 15:04:45.326  1362  1362 I MWN     : onSignalStrengthsChanged...
03-23 15:04:45.327  1362  1362 I MWN     : network type = 0
03-23 15:04:45.329  1362  1362 I MWN     : mobile type = 13
03-23 15:04:45.330  1362  1362 I MWN     : Write 0 to node. type=4G mSimExist=true mFlightMode=false
03-23 15:04:45.331  1362  1362 I MWN     : write the value:0 to node successfully.
03-23 15:04:45.473  1768  1862 D OsPrivacyNotifyManager: onActiveStateChanged ENABLE true code != OP_RECORD_AUDIO true
03-23 15:04:48.248  1362  1362 I MWN     : onSignalStrengthsChanged...
03-23 15:04:48.250  1362  1362 I MWN     : network type = 0
03-23 15:04:48.252  1362  1362 I MWN     : mobile type = 13
03-23 15:04:48.253  1362  1362 I MWN     : Write 0 to node. type=4G mSimExist=true mFlightMode=false
03-23 15:04:48.254  1362  1362 I MWN     : write the value:0 to node successfully.
03-23 15:04:48.885  1362  3781 D CompatibilityChangeReporter: Compat change id reported: 135634846; UID 1000; state: DISABLED
03-23 15:04:48.886  1362  3781 D CompatibilityChangeReporter: Compat change id reported: 135754954; UID 1000; state: DISABLED
03-23 15:04:48.925  1362  1394 I ActivityManager: Start proc 19358:com.transsion.childmode/1000 for service {com.transsion.childmode/com.transsion.childmode.service.QsControlService}
03-23 15:04:48.959  1362  2076 V ActivityManager: New death recipient com.android.server.am.ActivityManagerService$AppDeathRecipient@f090741 for thread android.os.BinderProxy@45414e6
03-23 15:04:48.963  1362  2076 D os.ActivityManagerServiceLice: make process active com.transsion.childmode(19358)
03-23 15:04:49.001 19358 19379 D AppTurboFactory: AppTurboFactory new
03-23 15:04:49.003 19358 19379 D AppTurboService: mTidEnabled false
03-23 15:04:49.015  1362  2076 E PackageDexUsage: Unsupported context?
03-23 15:04:49.020  1362  3781 V SettingsProvider: packageValueForCallResult, name = sqlite_compatibility_wal_flags, value : Bundle[{_track_generation=android.util.MemoryIntArray@a6, value=, _generation_index=0, _generation=171}]
03-23 15:04:49.027  1362  2076 V SettingsProvider: packageValueForCallResult, name = android_id, value : Bundle[{_track_generation=android.util.MemoryIntArray@a6, value=7349e7affb1b35bc, _generation_index=2, _generation=105}]
03-23 15:04:49.033  1362  3781 V SettingsProvider: packageValueForCallResult, name = child_mode_open, value : Bundle[{_track_generation=android.util.MemoryIntArray@a6, value=0, _generation_index=3, _generation=547}]
03-23 15:04:49.046  1362  3781 I ActivityManager: Killing 17201:com.google.android.projection.gearhead:car/u0a108 (adj 915): empty #17
03-23 15:04:49.084  1362  2141 V ActivityManager: Death received in com.android.server.am.ActivityManagerService$AppDeathRecipient@1ac0f1b for thread android.os.BinderProxy@cbed8b8
03-23 15:04:49.085  1362  2141 D os.ActivityManagerServiceLice: make process inactive com.google.android.projection.gearhead:car(17201)
03-23 15:04:49.282  1362  1381 D AppTurboService:  getSettingSupport resullt = false mSettingCloudEnable = true
03-23 15:04:49.283  1768  1768 D AppTurboService:  getSettingSupport resullt = false mSettingCloudEnable = true
03-23 15:04:49.464  1362  3291 V ActivityManager: Death received in com.android.server.am.ActivityManagerService$AppDeathRecipient@f090741 for thread android.os.BinderProxy@45414e6
03-23 15:04:49.465  1362  3291 I ActivityManager: Process com.transsion.childmode (pid 19358) has died: cch+5 CEM 
03-23 15:04:49.465  1362  3291 D os.ActivityManagerServiceLice: make process inactive com.transsion.childmode(19358)
03-23 15:04:49.465  1362  3291 W ActivityManager: Scheduling restart of crashed service com.transsion.childmode/.service.QsControlService in 1000ms for connection
03-23 15:04:50.467  1362  1393 D CompatibilityChangeReporter: Compat change id reported: 135634846; UID 1000; state: DISABLED
03-23 15:04:50.467  1362  1393 D CompatibilityChangeReporter: Compat change id reported: 135754954; UID 1000; state: DISABLED
03-23 15:04:50.480  1362  1394 I ActivityManager: Start proc 19403:com.transsion.childmode/1000 for service {com.transsion.childmode/com.transsion.childmode.service.QsControlService}
03-23 15:04:50.503  1362  2076 V ActivityManager: New death recipient com.android.server.am.ActivityManagerService$AppDeathRecipient@5ad5ee0 for thread android.os.BinderProxy@ef9d599
03-23 15:04:50.505  1362  2076 D os.ActivityManagerServiceLice: make process active com.transsion.childmode(19403)
03-23 15:04:50.569 19403 19403 D AppTurboFactory: AppTurboFactory new
03-23 15:04:50.571 19403 19403 D AppTurboService: mTidEnabled false
03-23 15:04:50.584  1362  2076 E PackageDexUsage: Unsupported context?
03-23 15:04:50.595  1362  2076 V SettingsProvider: packageValueForCallResult, name = sqlite_compatibility_wal_flags, value : Bundle[{_track_generation=android.util.MemoryIntArray@a6, value=, _generation_index=0, _generation=172}]
03-23 15:04:50.634  1362  3291 V SettingsProvider: packageValueForCallResult, name = child_mode_open, value : Bundle[{_track_generation=android.util.MemoryIntArray@a6, value=0, _generation_index=3, _generation=547}]
03-23 15:04:50.647  1362  2076 V SettingsProvider: packageValueForCallResult, name = android_id, value : Bundle[{_track_generation=android.util.MemoryIntArray@a6, value=7349e7affb1b35bc, _generation_index=2, _generation=105}]
03-23 15:04:50.655  1362  3190 I ActivityManager: Killing 17487:com.android.carrierdefaultapp/u0a96 (adj 975): empty #17
03-23 15:04:50.683  1768  1768 D AppTurboService:  getSettingSupport resullt = false mSettingCloudEnable = true
03-23 15:04:50.683  1362  1381 D AppTurboService:  getSettingSupport resullt = false mSettingCloudEnable = true
03-23 15:04:50.683  1768  1768 D AppTurboService:  getSettingSupport resullt = false mSettingCloudEnable = true
03-23 15:04:50.683  1768  1768 D AppTurboService:  getSettingSupport resullt = false mSettingCloudEnable = true
03-23 15:04:50.701  1362  3190 V ActivityManager: Death received in com.android.server.am.ActivityManagerService$AppDeathRecipient@7ce720 for thread android.os.BinderProxy@65a58d9
03-23 15:04:50.702  1362  3190 D os.ActivityManagerServiceLice: make process inactive com.android.carrierdefaultapp(17487)
03-23 15:04:50.703  1362  3190 I ActivityManager: Killing 17921:com.google.android.webview:webview_service/u0a142 (adj 985): empty #17
03-23 15:04:50.762  1362  3190 V ActivityManager: Death received in com.android.server.am.ActivityManagerService$AppDeathRecipient@98ca6d8 for thread android.os.BinderProxy@ec90a31
03-23 15:04:50.763  1362  3190 D os.ActivityManagerServiceLice: make process inactive com.google.android.webview:webview_service(17921)
03-23 15:04:51.025 19403 19440 W ContextImpl: Calling a method in the system process without a qualified user: android.app.ContextImpl.bindService:1864 android.content.ContextWrapper.bindService:771 m.dk.d:111 m.cv.d:58 m.cm.c:176 
03-23 15:04:51.057  1362  1362 I MWN     : onSignalStrengthsChanged...
03-23 15:04:51.058  1362  1362 I MWN     : network type = 0
03-23 15:04:51.059  1362  1362 I MWN     : mobile type = 13
03-23 15:04:51.059  1362  1362 I MWN     : Write 0 to node. type=4G mSimExist=true mFlightMode=false
03-23 15:04:51.060  1362  1362 I MWN     : write the value:0 to node successfully.
03-23 15:04:51.615  1362  1381 D AppTurboService:  getSettingSupport resullt = false mSettingCloudEnable = true
03-23 15:04:51.616  1768  1768 D AppTurboService:  getSettingSupport resullt = false mSettingCloudEnable = true
03-23 15:04:51.846  1362  3190 W WindowManager: Changing focus fromWindow{14eccbf u0 NotificationShade} to Window{7bc68e4 u0 com.transsion.hilauncher/com.android.quickstep.recents_ui_overrides.src.com.android.launcher3.uioverrides.QuickstepLauncher} displayId=0 Callers=com.android.server.wm.RootWindowContainer.updateFocusedWindowLocked:531 com.android.server.wm.WindowManagerService.updateFocusedWindowLocked:5921 com.android.server.wm.WindowManagerService.relayoutWindow:2603 com.android.server.wm.Session.relayout:213 
03-23 15:04:51.847  1362  1390 D FingerprintUtils: setAppDisableWithFingerId fingerprintCount =  4
03-23 15:04:51.847  1362  1390 D FingerprintUtils: setAppDisableWithFingerId appUserId =  0
03-23 15:04:51.873  1362  3190 I TranWmsFloatExt: getTbFloatWMExt sFloatWindowManagerExt: com.transsion.server.wm.TranWmsTbFloatWindowManagerExtImpl@effd97
03-23 15:04:51.873  1362  3190 I FloatWindow: hookInputMethodShown inputShown: false
03-23 15:04:52.350  1362  1362 V FingerprintService: startAuthentication(android)
03-23 15:04:52.350  1362  1362 V FingerprintService: starting client AuthenticationClientImpl(android) targetUserId: 0 currentUserId: 0 cookie: 0/0
03-23 15:04:52.370  1362  1362 W FingerprintService: client android is authenticating...
03-23 15:04:53.000  1362  3291 I WindowManager: Relayout Window{14eccbf u0 NotificationShade}: oldVis=4 newVis=0 focusMayChange = true
03-23 15:04:53.006  1362  3291 W WindowManager: Changing focus fromWindow{7bc68e4 u0 com.transsion.hilauncher/com.android.quickstep.recents_ui_overrides.src.com.android.launcher3.uioverrides.QuickstepLauncher} to Window{14eccbf u0 NotificationShade} displayId=0 Callers=com.android.server.wm.RootWindowContainer.updateFocusedWindowLocked:531 com.android.server.wm.WindowManagerService.updateFocusedWindowLocked:5921 com.android.server.wm.WindowManagerService.relayoutWindow:2603 com.android.server.wm.Session.relayout:213 
03-23 15:04:53.006  1362  1390 V FingerprintService: cancelAuthentication(android)
03-23 15:04:53.007  1362  1362 V FingerprintService: Stopping client android, fromClient: true
03-23 15:04:53.030  1362  1362 W FingerprintService: client android is no longer authenticating
03-23 15:04:53.030  1362  1362 V FingerprintService: handleError(client=android, error = 5)
03-23 15:04:53.030  1362  1362 V BiometricStats: Error latency: -1
03-23 15:04:53.030  1362  1362 W BiometricStats: found a negative latency : -1
03-23 15:04:53.030  1362  1362 V FingerprintService: Done with client: android
03-23 15:04:53.030  1362  1362 D FingerprintUtils: onAuthenticationError
03-23 15:04:53.050  1362  1381 D AppTurboService:  getSettingSupport resullt = false mSettingCloudEnable = true
03-23 15:04:53.746  1362  1362 I MWN     : onSignalStrengthsChanged...
03-23 15:04:53.748  1362  1362 I MWN     : network type = 0
03-23 15:04:53.751  1362  1362 I MWN     : mobile type = 13
03-23 15:04:53.751  1362  1362 I MWN     : Write 0 to node. type=4G mSimExist=true mFlightMode=false
03-23 15:04:53.752  1362  1362 I MWN     : write the value:0 to node successfully.
03-23 15:04:54.792  1362  3291 W WindowManager: Changing focus fromWindow{14eccbf u0 NotificationShade} to Window{7bc68e4 u0 com.transsion.hilauncher/com.android.quickstep.recents_ui_overrides.src.com.android.launcher3.uioverrides.QuickstepLauncher} displayId=0 Callers=com.android.server.wm.RootWindowContainer.updateFocusedWindowLocked:531 com.android.server.wm.WindowManagerService.updateFocusedWindowLocked:5921 com.android.server.wm.WindowManagerService.relayoutWindow:2603 com.android.server.wm.Session.relayout:213 
03-23 15:04:54.792  1362  1390 D FingerprintUtils: setAppDisableWithFingerId fingerprintCount =  4
03-23 15:04:54.793  1362  1390 D FingerprintUtils: setAppDisableWithFingerId appUserId =  0
03-23 15:04:54.824  1362  3291 I TranWmsFloatExt: getTbFloatWMExt sFloatWindowManagerExt: com.transsion.server.wm.TranWmsTbFloatWindowManagerExtImpl@effd97
03-23 15:04:54.824  1362  3291 I FloatWindow: hookInputMethodShown inputShown: false
03-23 15:04:55.208  1362  1390 D os.permission.PermissionInfo: checkPermission 10171:android.permission.ACCESS_SHORTCUTS:false
03-23 15:04:55.208  1362  1390 D os.permission.PermissionInfo: checkPermission 10171:android.permission.ACCESS_SHORTCUTS:false
03-23 15:04:55.276  1362  3190 W Griffin/ComponentManager: limitStartProcessForReceiver caller is null
03-23 15:04:55.277  1362  3190 D CompatibilityChangeReporter: Compat change id reported: 135634846; UID 10352; state: DISABLED
03-23 15:04:55.277  1362  3190 D CompatibilityChangeReporter: Compat change id reported: 135754954; UID 10352; state: ENABLED
03-23 15:04:55.278  1362  1394 D CompatibilityChangeReporter: Compat change id reported: 143937733; UID 10352; state: ENABLED
03-23 15:04:55.295  1362  1362 V FingerprintService: startAuthentication(android)
03-23 15:04:55.295  1362  1362 V FingerprintService: starting client AuthenticationClientImpl(android) targetUserId: 0 currentUserId: 0 cookie: 0/0
03-23 15:04:55.295  1362  1394 I ActivityManager: Start proc 19451:com.whatsapp.w4b/u0a352 for broadcast {com.whatsapp.w4b/com.whatsapp.notification.MessageNotificationDismissedReceiver}
03-23 15:04:55.316  1362  1362 W FingerprintService: client android is authenticating...
03-23 15:04:55.318  1362  3190 V ActivityManager: New death recipient com.android.server.am.ActivityManagerService$AppDeathRecipient@f00243b for thread android.os.BinderProxy@ebb9758
03-23 15:04:55.322  1362  3190 D os.ActivityManagerServiceLice: make process active com.whatsapp.w4b(19451)
03-23 15:04:55.928  1362  2076 V SettingsProvider: packageValueForCallResult, name = sqlite_compatibility_wal_flags, value : Bundle[{_track_generation=android.util.MemoryIntArray@a6, value=, _generation_index=0, _generation=172}]
03-23 15:04:56.003 19451 19493 D AppTurboFactory: AppTurboFactory new
03-23 15:04:56.005 19451 19493 D AppTurboService: mTidEnabled false
03-23 15:04:56.050  1362  3190 I ActivityManager: Killing 18678:android.process.acore/u0a56 (adj 985): empty #17
03-23 15:04:56.080  1362  2076 V SettingsProvider: packageValueForCallResult, name = time_12_24, value : Bundle[{_track_generation=android.util.MemoryIntArray@a6, value=null, _generation_index=3, _generation=547}]
03-23 15:04:56.090  1362  1805 V ActivityManager: Death received in com.android.server.am.ActivityManagerService$AppDeathRecipient@aed29c2 for thread android.os.BinderProxy@7c013d3
03-23 15:04:56.090  1362  1805 D os.ActivityManagerServiceLice: make process inactive android.process.acore(18678)
03-23 15:04:56.521  1362  1362 I MWN     : onSignalStrengthsChanged...
03-23 15:04:56.522  1362  1362 I MWN     : network type = 0
03-23 15:04:56.525  1362  1362 I MWN     : mobile type = 13
03-23 15:04:56.525  1362  1362 I MWN     : Write 0 to node. type=4G mSimExist=true mFlightMode=false
03-23 15:04:56.525  1362  1362 I MWN     : write the value:0 to node successfully.
03-23 15:04:56.593  1362  1805 V SettingsProvider: name : com_android_mms_mtk_unread appId : 1001 pid : 1960 pkg :com.android.phone
03-23 15:04:56.594  1362  1805 V SettingsProvider: Package name : com.android.phone privateFlags : -1940909976
03-23 15:04:57.101  3322  3322 D AppTurboService:  getSettingSupport resullt = false mSettingCloudEnable = true
03-23 15:04:57.101  3322  3322 D AppTurboService:  getSettingSupport resullt = false mSettingCloudEnable = true
03-23 15:04:57.102  1362  1381 D AppTurboService:  getSettingSupport resullt = false mSettingCloudEnable = true
03-23 15:04:57.305  1362  2141 D CompatibilityChangeReporter: Compat change id reported: 135634846; UID 10056; state: DISABLED
03-23 15:04:57.305  1362  2141 D CompatibilityChangeReporter: Compat change id reported: 135754954; UID 10056; state: ENABLED
03-23 15:04:57.306  1362  1394 D CompatibilityChangeReporter: Compat change id reported: 143937733; UID 10056; state: ENABLED
03-23 15:04:57.320  1362  1394 I ActivityManager: Start proc 19547:android.process.acore/u0a56 for content provider {com.android.providers.contacts/com.android.providers.contacts.ContactsProvider2}
03-23 15:04:57.336  1362  3190 V ActivityManager: New death recipient com.android.server.am.ActivityManagerService$AppDeathRecipient@21544b4 for thread android.os.BinderProxy@53548dd
03-23 15:04:57.340  1362  3190 D os.ActivityManagerServiceLice: make process active android.process.acore(19547)
03-23 15:04:57.356  1362  3193 D BluetoothManagerService: Trying to bind to profile: 1, while Bluetooth was disabled
03-23 15:04:57.412 19547 19547 D AppTurboFactory: AppTurboFactory new
03-23 15:04:57.415 19547 19547 D AppTurboService: mTidEnabled false
03-23 15:04:57.416  1362  2076 V SettingsProvider: packageValueForCallResult, name = sqlite_compatibility_wal_flags, value : Bundle[{_track_generation=android.util.MemoryIntArray@a6, value=, _generation_index=0, _generation=172}]
03-23 15:04:57.442  1362  2076 V SettingsProvider: packageValueForCallResult, name = permission_protect_enable, value : Bundle[{_track_generation=android.util.MemoryIntArray@a6, value=true, _generation_index=2, _generation=105}]
03-23 15:04:57.442 19547 19547 D ActivityThread: Loading provider contacts;com.android.contacts: com.android.providers.contacts.ContactsProvider2
03-23 15:04:57.784  1362  1381 D AppTurboService:  getSettingSupport resullt = false mSettingCloudEnable = true
03-23 15:04:57.784  3322  3322 D AppTurboService:  getSettingSupport resullt = false mSettingCloudEnable = true
03-23 15:04:57.784  3322  3322 D AppTurboService:  getSettingSupport resullt = false mSettingCloudEnable = true
03-23 15:04:59.269  1362  1362 I MWN     : onSignalStrengthsChanged...
03-23 15:04:59.270  1362  1362 I MWN     : network type = 0
03-23 15:04:59.273  1362  1362 I MWN     : mobile type = 13
03-23 15:04:59.273  1362  1362 I MWN     : Write 0 to node. type=4G mSimExist=true mFlightMode=false
03-23 15:04:59.274  1362  1362 I MWN     : write the value:0 to node successfully.
03-23 15:05:00.640  1362  1389 D DexOptExtImpl: try dex2oat for com.tasawallet result=0 cnt = 2
03-23 15:05:01.945  1362  1362 I MWN     : onSignalStrengthsChanged...
03-23 15:05:01.946  1362  1362 I MWN     : network type = 0
03-23 15:05:01.948  1362  1362 I MWN     : mobile type = 13
03-23 15:05:01.948  1362  1362 I MWN     : Write 0 to node. type=4G mSimExist=true mFlightMode=false
03-23 15:05:01.949  1362  1362 I MWN     : write the value:0 to node successfully.
03-23 15:05:04.547  1362  1362 I MWN     : onSignalStrengthsChanged...
03-23 15:05:04.549  1362  1362 I MWN     : network type = 0
03-23 15:05:04.551  1362  1362 I MWN     : mobile type = 13
03-23 15:05:04.552  1362  1362 I MWN     : Write 0 to node. type=4G mSimExist=true mFlightMode=false
03-23 15:05:04.552  1362  1362 I MWN     : write the value:0 to node successfully.
03-23 15:05:07.228  1362  1362 I MWN     : onSignalStrengthsChanged...
03-23 15:05:07.229  1362  1362 I MWN     : network type = 0
03-23 15:05:07.232  1362  1362 I MWN     : mobile type = 13
03-23 15:05:07.232  1362  1362 I MWN     : Write 0 to node. type=4G mSimExist=true mFlightMode=false
03-23 15:05:07.234  1362  1362 I MWN     : write the value:0 to node successfully.
03-23 15:05:09.938  1362  1362 I MWN     : onSignalStrengthsChanged...
03-23 15:05:09.938  1362  1362 I MWN     : network type = 0
03-23 15:05:09.938  3322  3322 D AppTurboService:  getSettingSupport resullt = false mSettingCloudEnable = true
03-23 15:05:09.939  1362  1362 I MWN     : mobile type = 13
03-23 15:05:09.939  1362  1362 I MWN     : Write 0 to node. type=4G mSimExist=true mFlightMode=false
03-23 15:05:09.940  1362  2076 I TranWmsFloatExt: getTbFloatWMExt sFloatWindowManagerExt: com.transsion.server.wm.TranWmsTbFloatWindowManagerExtImpl@effd97
03-23 15:05:09.940  1362  2076 I FloatWindow: hookInputMethodShown inputShown: false
03-23 15:05:09.940  1362  1362 I MWN     : write the value:0 to node successfully.
03-23 15:05:09.941  1362  3869 W ActivityTaskManager: checkDualprofileControl, from:com.transsion.hilauncher, to:com.tasawallet, with act:android.intent.action.MAIN, callingUserId:0, toUserId:0, aInfo:ActivityInfo{ebbeb3 com.tasawallet.MainActivity}
03-23 15:05:09.942  1362  3869 I ActivityTaskManager: START u0 {act=android.intent.action.MAIN cat=[android.intent.category.LAUNCHER] flg=0x10200000 cmp=com.tasawallet/.MainActivity bnds=[20,1160][156,1351] (has extras)} from uid 10171
03-23 15:05:09.942  1362  3869 D os.permission.PermissionInfo: checkPermission 10171:android.permission.CONTROL_REMOTE_APP_TRANSITION_ANIMATIONS:true
03-23 15:05:09.942  1362  3869 I os.permission: Grant permission: android.permission.CONTROL_REMOTE_APP_TRANSITION_ANIMATIONS to uid: 10171
03-23 15:05:09.952  1362  1362 E FingerprintService: Stopping background authentication, top: com.tasawallet currentClient: android
03-23 15:05:09.954  1362  1383 D CompatibilityChangeReporter: Compat change id reported: 135634846; UID 10540; state: DISABLED
03-23 15:05:09.955  1362  1383 D CompatibilityChangeReporter: Compat change id reported: 135754954; UID 10540; state: ENABLED
03-23 15:05:09.955  1362  1394 D CompatibilityChangeReporter: Compat change id reported: 143937733; UID 10540; state: ENABLED
03-23 15:05:09.955  1362  1393 W BroadcastQueue: Permission Denial: receiving Intent { act=com.android.launcher3.action.LAUNCH flg=0x10 (has extras) } to ProcessRecord{6afeb94 2483:com.google.android.gms.persistent/u0a119} (pid=2483, uid=10119) requires com.transsion.hilauncher.permission.RECEIVE_LAUNCH_BROADCASTS due to sender com.transsion.hilauncher (uid 10171)
03-23 15:05:09.955  1362  1393 W BroadcastQueue: Permission Denial: receiving Intent { act=com.android.launcher3.action.LAUNCH flg=0x10 (has extras) } to com.google.android.gms/.chimera.GmsIntentOperationService$GmsExternalReceiver requires com.transsion.hilauncher.permission.RECEIVE_LAUNCH_BROADCASTS due to sender com.transsion.hilauncher (uid 10171)
03-23 15:05:09.976  1362  1394 I ActivityManager: Start proc 19610:com.tasawallet/u0a540 for pre-top-activity {com.tasawallet/com.tasawallet.MainActivity}
03-23 15:05:09.982  1362  1384 W WindowManager: Changing focus fromWindow{7bc68e4 u0 com.transsion.hilauncher/com.android.quickstep.recents_ui_overrides.src.com.android.launcher3.uioverrides.QuickstepLauncher} to null displayId=0 Callers=com.android.server.wm.RootWindowContainer.updateFocusedWindowLocked:531 com.android.server.wm.WindowManagerService.updateFocusedWindowLocked:5921 com.android.server.wm.WindowManagerService.relayoutWindow:2603 com.android.server.wm.Session.relayout:213 
03-23 15:05:09.984  1362  1390 V FingerprintService: cancelAuthentication(android)
03-23 15:05:09.986  1362  1362 W FingerprintService: client android is no longer authenticating
03-23 15:05:09.986  1362  1362 V FingerprintService: Stopping client android, fromClient: true
03-23 15:05:09.986  1362  1362 W FingerprintService: stopAuthentication: already cancelled!
03-23 15:05:09.986  1362  1362 V FingerprintService: handleError(client=android, error = 5)
03-23 15:05:09.986  1362  1362 V BiometricStats: Error latency: -1
03-23 15:05:09.986  1362  1362 W BiometricStats: found a negative latency : -1
03-23 15:05:09.987  1362  1362 V FingerprintService: Done with client: android
03-23 15:05:09.987  1362  1362 D FingerprintUtils: onAuthenticationError
03-23 15:05:09.993  1362  3193 V ActivityManager: New death recipient com.android.server.am.ActivityManagerService$AppDeathRecipient@62f0a15 for thread android.os.BinderProxy@857e12a
03-23 15:05:09.997  1362  3193 D os.ActivityManagerServiceLice: make process active com.tasawallet(19610)
03-23 15:05:09.999  1362  1391 D JupiterDelegator: appLockCheckInner: ComponentInfo{com.tasawallet/com.tasawallet.MainActivity}
03-23 15:05:09.999  1362  1391 D JupiterDelegator: app lock service check:
03-23 15:05:09.999  1362  3193 D os.fingerprint: onRealStartActivityLocked next:ActivityRecord{88afbe9 u0 com.tasawallet/.MainActivity t1042} isKeyguardShowing:false
03-23 15:05:09.999  1362  3193 D os.fingerprint: checkActivityRecord nextCls = com.tasawallet.MainActivity
03-23 15:05:10.002  1362  3193 I TranWmsFloatExt: getTbFloatWMExt sFloatWindowManagerExt: com.transsion.server.wm.TranWmsTbFloatWindowManagerExtImpl@effd97
03-23 15:05:10.002  1362  2031 D j       : isFeatureEnable, no corresponding key
03-23 15:05:10.002  1362  2031 I ActivityManager: Applaunch form com.transsion.hilauncher to com.tasawallet
03-23 15:05:10.015  1362  1383 D VideoCallEnhancerControlImpl: className is com.tasawallet/com.tasawallet.MainActivity
03-23 15:05:10.060  1362  2076 D os.permission.PermissionInfo: checkPermission 10171:android.permission.INTERACT_ACROSS_USERS:true
03-23 15:05:10.060  1362  2076 I os.permission: Grant permission: android.permission.INTERACT_ACROSS_USERS to uid: 10171
03-23 15:05:10.172 19610 19610 D ActivityThread: ++ activityComponent:com.tasawallet/com.tasawallet.MainActivity counts:null
03-23 15:05:10.181 19610 19610 D AppTurboFactory: AppTurboFactory new
03-23 15:05:10.183 19610 19610 D AppTurboService: mTidEnabled false
03-23 15:05:10.184 19610 19610 D AppTurboService: AppTurboService.initializeAppTurboFactory()
03-23 15:05:10.185 19610 19610 D AppTurboPolicyImpl: AppTurboPolicyImpl new
03-23 15:05:10.188  1362  3869 V SettingsProvider: packageValueForCallResult, name = null, value : Bundle[{_track_generation=android.util.MemoryIntArray@a6, value=null, _generation_index=0, _generation=172}]
03-23 15:05:10.203 19610 19610 D AppTurboService: initialize
03-23 15:05:10.203  1362  3869 D j       : isFeatureEnable, no corresponding key
03-23 15:05:10.204 19610 19610 D AppTurboService:  mAppTurboTouchSlop = 0 mIsTpTurboApp = false
03-23 15:05:10.204 19610 19610 D AppTurboService:  getSettingSupport resullt = false mSettingCloudEnable = true
03-23 15:05:10.204 19610 19610 D AppTurboService: versionName 1.0
03-23 15:05:10.205 19610 19610 D os.SingleLice: instance successfully. com.transsion.scrollshot.v1.ScrollShotImplLice@d0ad00 from com.transsion.scrollshot.ScrollShotImplLiceFactory
03-23 15:05:10.205 19610 19610 D os.SingleLiceFactory: instance successfully. com.transsion.scrollshot.v1.ScrollShotImplLice@d0ad00 from android.view.IViewLice
03-23 15:05:10.205 19610 19610 D os.LiceInfo: instance successfully. com.transsion.view.ViewLice@b8fd939 from android.view.IViewLice
03-23 15:05:10.284 19610 19610 D os.SingleLice: instance successfully. com.transsion.freeform.v1.FreeformLice@813992c from com.transsion.freeform.FreeformLiceFactory
03-23 15:05:10.284 19610 19610 D os.SingleLiceFactory: instance successfully. com.transsion.freeform.v1.FreeformLice@813992c from com.android.internal.IInternalViewLice
03-23 15:05:10.284 19610 19610 D os.SingleLice: instance successfully. com.transsion.whitenavigation.v1.WhiteNavigationLice@d0bcff5 from com.transsion.whitenavigation.WhiteNavigationLiceFactory
03-23 15:05:10.285 19610 19610 D os.SingleLiceFactory: instance successfully. com.transsion.whitenavigation.v1.WhiteNavigationLice@d0bcff5 from com.android.internal.IInternalViewLice
03-23 15:05:10.285 19610 19610 D os.LiceInfo: instance successfully. com.transsion.internal.InternalViewLice@3e2618a from com.android.internal.IInternalViewLice
03-23 15:05:10.298  1362  2076 D os.WindowManagerServiceLice: received send OSMessage 110001 request from 19610 to [-1]
03-23 15:05:10.298  1362  2076 D os.CommonLice: onOSServerMessage 110001
03-23 15:05:10.320  1362  2076 I WindowManager: Relayout Window{a2ef18 u0 com.tasawallet/com.tasawallet.MainActivity}: oldVis=4 newVis=0 focusMayChange = true
03-23 15:05:10.325  1362  2076 W WindowManager: Changing focus fromnull to Window{a2ef18 u0 com.tasawallet/com.tasawallet.MainActivity} displayId=0 Callers=com.android.server.wm.RootWindowContainer.updateFocusedWindowLocked:531 com.android.server.wm.WindowManagerService.updateFocusedWindowLocked:5921 com.android.server.wm.WindowManagerService.relayoutWindow:2603 com.android.server.wm.Session.relayout:213 
03-23 15:05:10.412  1362  3190 I TranWmsFloatExt: getTbFloatWMExt sFloatWindowManagerExt: com.transsion.server.wm.TranWmsTbFloatWindowManagerExtImpl@effd97
03-23 15:05:10.412  1362  3190 I FloatWindow: hookInputMethodShown inputShown: false
03-23 15:05:10.506  1362  3869 V SettingsProvider: packageValueForCallResult, name = android_id, value : Bundle[{_track_generation=android.util.MemoryIntArray@a6, value=9230277934d88c2d, _generation_index=2, _generation=105}]
03-23 15:05:10.530  1362  3190 D DisplayPowerController: sendUpdatePowerState:UpdatePowerStateForLucid 
03-23 15:05:10.615 19610 19666 E AndroidRuntime: FATAL EXCEPTION: mqt_native_modules
03-23 15:05:10.615 19610 19666 E AndroidRuntime: Process: com.tasawallet, PID: 19610
03-23 15:05:10.615 19610 19666 E AndroidRuntime: com.facebook.react.common.JavascriptException: Error: [Reanimated] The native part of Reanimated doesn't seem to be initialized. This could be caused by
03-23 15:05:10.615 19610 19666 E AndroidRuntime:   - not rebuilding the app after installing or upgrading Reanimated
03-23 15:05:10.615 19610 19666 E AndroidRuntime:   - trying to run Reanimated on an unsupported platform
03-23 15:05:10.615 19610 19666 E AndroidRuntime:   - running in a brownfield app without manually initializing the native library, js engine: hermes, stack:
03-23 15:05:10.615 19610 19666 E AndroidRuntime: NativeReanimated@1:852688
03-23 15:05:10.615 19610 19666 E AndroidRuntime: anonymous@1:848306
03-23 15:05:10.615 19610 19666 E AndroidRuntime: loadModuleImplementation@1:40064
03-23 15:05:10.615 19610 19666 E AndroidRuntime: guardedLoadModule@1:39619
03-23 15:05:10.615 19610 19666 E AndroidRuntime: metroRequire@1:39247
03-23 15:05:10.615 19610 19666 E AndroidRuntime: anonymous@1:847023
03-23 15:05:10.615 19610 19666 E AndroidRuntime: loadModuleImplementation@1:40064
03-23 15:05:10.615 19610 19666 E AndroidRuntime: guardedLoadModule@1:39619
03-23 15:05:10.615 19610 19666 E AndroidRuntime: metroRequire@1:39247
03-23 15:05:10.615 19610 19666 E AndroidRuntime: anonymous@1:839247
03-23 15:05:10.615 19610 19666 E AndroidRuntime: loadModuleImplementation@1:40064
03-23 15:05:10.615 19610 19666 E AndroidRuntime: guardedLoadModule@1:39619
03-23 15:05:10.615 19610 19666 E AndroidRuntime: metroRequire@1:39247
03-23 15:05:10.615 19610 19666 E AndroidRuntime: anonymous@1:838614
03-23 15:05:10.615 19610 19666 E AndroidRuntime: loadModuleImplementation@1:40064
03-23 15:05:10.615 19610 19666 E AndroidRuntime: guardedLoadModule@1:39619
03-23 15:05:10.615 19610 19666 E AndroidRuntime: metroRequire@1:39247
03-23 15:05:10.615 19610 19666 E AndroidRuntime: anonymous@1:837549
03-23 15:05:10.615 19610 19666 E AndroidRuntime: loadModuleImplementation@1:40064
03-23 15:05:10.615 19610 19666 E AndroidRuntime: guardedLoadModule@1:39619
03-23 15:05:10.615 19610 19666 E AndroidRuntime: metroRequire@1:39247
03-23 15:05:10.615 19610 19666 E AndroidRuntime: anonymous@1:837192
03-23 15:05:10.615 19610 19666 E AndroidRuntime: loadModuleImplementation@1:40064
03-23 15:05:10.615 19610 19666 E AndroidRuntime: guardedLoadModule@1:39619
03-23 15:05:10.615 19610 19666 E AndroidRuntime: metroRequire@1:39247
03-23 15:05:10.615 19610 19666 E AndroidRuntime: anonymous@1:836067
03-23 15:05:10.615 19610 19666 E AndroidRuntime: loadModuleImplementation@1:40064
03-23 15:05:10.615 19610 19666 E AndroidRuntime: guardedLoadModule@1:39619
03-23 15:05:10.615 19610 19666 E AndroidRuntime: metroRequire@1:39247
03-23 15:05:10.615 19610 19666 E AndroidRuntime: anonymous@1:833066
03-23 15:05:10.615 19610 19666 E AndroidRuntime: loadModuleImplementation@1:40064
03-23 15:05:10.615 19610 19666 E AndroidRuntime: guardedLoadModule@1:39619
03-23 15:05:10.615 19610 19666 E AndroidRuntime: metroRequire@1:39247
03-23 15:05:10.615 19610 19666 E AndroidRuntime: anonymous@1:832761
03-23 15:05:10.615 19610 19666 E AndroidRuntime: loadModuleImplementation@1:40064
03-23 15:05:10.615 19610 19666 E AndroidRuntime: guardedLoadModule@1:39619
03-23 15:05:10.615 19610 19666 E AndroidRuntime: metroRequire@1:39247
03-23 15:05:10.615 19610 19666 E AndroidRuntime: anonymous@1:831795
03-23 15:05:10.615 19610 19666 E AndroidRuntime: loadModuleImplementation@1:40064
03-23 15:05:10.615 19610 19666 E AndroidRuntime: guardedLoadModule@1:39619
03-23 15:05:10.615 19610 19666 E AndroidRuntime: metroRequire@1:39247
03-23 15:05:10.615 19610 19666 E AndroidRuntime: anonymous@1:829676
03-23 15:05:10.615 19610 19666 E AndroidRuntime: loadModuleImplementation@1:40064
03-23 15:05:10.615 19610 19666 E AndroidRuntime: guardedLoadModule@1:39619
03-23 15:05:10.615 19610 19666 E AndroidRuntime: metroRequire@1:39247
